Archive member included to satisfy reference by file (symbol)

E:/ST/STM32CubeIDE_1.16.1/STM32CubeIDE/plugins/com.st.stm32cube.ide.mcu.externaltools.gnu-tools-for-stm32.12.3.rel1.win32_1.0.200.202406191623/tools/bin/../lib/gcc/arm-none-eabi/12.3.1/../../../../arm-none-eabi/lib/thumb/v7e-m+fp/hard\libc_nano.a(libc_a-exit.o)
                              E:/ST/STM32CubeIDE_1.16.1/STM32CubeIDE/plugins/com.st.stm32cube.ide.mcu.externaltools.gnu-tools-for-stm32.12.3.rel1.win32_1.0.200.202406191623/tools/bin/../lib/gcc/arm-none-eabi/12.3.1/../../../../arm-none-eabi/lib/thumb/v7e-m+fp/hard/crt0.o (exit)
E:/ST/STM32CubeIDE_1.16.1/STM32CubeIDE/plugins/com.st.stm32cube.ide.mcu.externaltools.gnu-tools-for-stm32.12.3.rel1.win32_1.0.200.202406191623/tools/bin/../lib/gcc/arm-none-eabi/12.3.1/../../../../arm-none-eabi/lib/thumb/v7e-m+fp/hard\libc_nano.a(libc_a-findfp.o)
                              E:/ST/STM32CubeIDE_1.16.1/STM32CubeIDE/plugins/com.st.stm32cube.ide.mcu.externaltools.gnu-tools-for-stm32.12.3.rel1.win32_1.0.200.202406191623/tools/bin/../lib/gcc/arm-none-eabi/12.3.1/../../../../arm-none-eabi/lib/thumb/v7e-m+fp/hard\libc_nano.a(libc_a-exit.o) (__stdio_exit_handler)
E:/ST/STM32CubeIDE_1.16.1/STM32CubeIDE/plugins/com.st.stm32cube.ide.mcu.externaltools.gnu-tools-for-stm32.12.3.rel1.win32_1.0.200.202406191623/tools/bin/../lib/gcc/arm-none-eabi/12.3.1/../../../../arm-none-eabi/lib/thumb/v7e-m+fp/hard\libc_nano.a(libc_a-fwalk.o)
                              E:/ST/STM32CubeIDE_1.16.1/STM32CubeIDE/plugins/com.st.stm32cube.ide.mcu.externaltools.gnu-tools-for-stm32.12.3.rel1.win32_1.0.200.202406191623/tools/bin/../lib/gcc/arm-none-eabi/12.3.1/../../../../arm-none-eabi/lib/thumb/v7e-m+fp/hard\libc_nano.a(libc_a-findfp.o) (_fwalk_sglue)
E:/ST/STM32CubeIDE_1.16.1/STM32CubeIDE/plugins/com.st.stm32cube.ide.mcu.externaltools.gnu-tools-for-stm32.12.3.rel1.win32_1.0.200.202406191623/tools/bin/../lib/gcc/arm-none-eabi/12.3.1/../../../../arm-none-eabi/lib/thumb/v7e-m+fp/hard\libc_nano.a(libc_a-snprintf.o)
                              ./Core/Src/can.o (snprintf)
E:/ST/STM32CubeIDE_1.16.1/STM32CubeIDE/plugins/com.st.stm32cube.ide.mcu.externaltools.gnu-tools-for-stm32.12.3.rel1.win32_1.0.200.202406191623/tools/bin/../lib/gcc/arm-none-eabi/12.3.1/../../../../arm-none-eabi/lib/thumb/v7e-m+fp/hard\libc_nano.a(libc_a-stdio.o)
                              E:/ST/STM32CubeIDE_1.16.1/STM32CubeIDE/plugins/com.st.stm32cube.ide.mcu.externaltools.gnu-tools-for-stm32.12.3.rel1.win32_1.0.200.202406191623/tools/bin/../lib/gcc/arm-none-eabi/12.3.1/../../../../arm-none-eabi/lib/thumb/v7e-m+fp/hard\libc_nano.a(libc_a-findfp.o) (__sread)
E:/ST/STM32CubeIDE_1.16.1/STM32CubeIDE/plugins/com.st.stm32cube.ide.mcu.externaltools.gnu-tools-for-stm32.12.3.rel1.win32_1.0.200.202406191623/tools/bin/../lib/gcc/arm-none-eabi/12.3.1/../../../../arm-none-eabi/lib/thumb/v7e-m+fp/hard\libc_nano.a(libc_a-memset.o)
                              E:/ST/STM32CubeIDE_1.16.1/STM32CubeIDE/plugins/com.st.stm32cube.ide.mcu.externaltools.gnu-tools-for-stm32.12.3.rel1.win32_1.0.200.202406191623/tools/bin/../lib/gcc/arm-none-eabi/12.3.1/../../../../arm-none-eabi/lib/thumb/v7e-m+fp/hard/crt0.o (memset)
E:/ST/STM32CubeIDE_1.16.1/STM32CubeIDE/plugins/com.st.stm32cube.ide.mcu.externaltools.gnu-tools-for-stm32.12.3.rel1.win32_1.0.200.202406191623/tools/bin/../lib/gcc/arm-none-eabi/12.3.1/../../../../arm-none-eabi/lib/thumb/v7e-m+fp/hard\libc_nano.a(libc_a-strncpy.o)
                              ./Core/Src/ui.o (strncpy)
E:/ST/STM32CubeIDE_1.16.1/STM32CubeIDE/plugins/com.st.stm32cube.ide.mcu.externaltools.gnu-tools-for-stm32.12.3.rel1.win32_1.0.200.202406191623/tools/bin/../lib/gcc/arm-none-eabi/12.3.1/../../../../arm-none-eabi/lib/thumb/v7e-m+fp/hard\libc_nano.a(libc_a-closer.o)
                              E:/ST/STM32CubeIDE_1.16.1/STM32CubeIDE/plugins/com.st.stm32cube.ide.mcu.externaltools.gnu-tools-for-stm32.12.3.rel1.win32_1.0.200.202406191623/tools/bin/../lib/gcc/arm-none-eabi/12.3.1/../../../../arm-none-eabi/lib/thumb/v7e-m+fp/hard\libc_nano.a(libc_a-stdio.o) (_close_r)
E:/ST/STM32CubeIDE_1.16.1/STM32CubeIDE/plugins/com.st.stm32cube.ide.mcu.externaltools.gnu-tools-for-stm32.12.3.rel1.win32_1.0.200.202406191623/tools/bin/../lib/gcc/arm-none-eabi/12.3.1/../../../../arm-none-eabi/lib/thumb/v7e-m+fp/hard\libc_nano.a(libc_a-reent.o)
                              E:/ST/STM32CubeIDE_1.16.1/STM32CubeIDE/plugins/com.st.stm32cube.ide.mcu.externaltools.gnu-tools-for-stm32.12.3.rel1.win32_1.0.200.202406191623/tools/bin/../lib/gcc/arm-none-eabi/12.3.1/../../../../arm-none-eabi/lib/thumb/v7e-m+fp/hard\libc_nano.a(libc_a-closer.o) (errno)
E:/ST/STM32CubeIDE_1.16.1/STM32CubeIDE/plugins/com.st.stm32cube.ide.mcu.externaltools.gnu-tools-for-stm32.12.3.rel1.win32_1.0.200.202406191623/tools/bin/../lib/gcc/arm-none-eabi/12.3.1/../../../../arm-none-eabi/lib/thumb/v7e-m+fp/hard\libc_nano.a(libc_a-impure.o)
[...]
Memory Configuration

Name             Origin             Length             Attributes
RAM              0x20000000         0x00020000         xrw
FLASH            0x08000000         0x00080000         xr
*default*        0x00000000         0xffffffff

Linker script and memory map

LOAD E:/ST/STM32CubeIDE_1.16.1/STM32CubeIDE/plugins/com.st.stm32cube.ide.mcu.externaltools.gnu-tools-for-stm32.12.3.rel1.win32_1.0.200.202406191623/tools/bin/../lib/gcc/arm-none-eabi/12.3.1/thumb/v7e-m+fp/hard/crti.o
LOAD E:/ST/STM32CubeIDE_1.16.1/STM32CubeIDE/plugins/com.st.stm32cube.ide.mcu.externaltools.gnu-tools-for-stm32.12.3.rel1.win32_1.0.200.202406191623/tools/bin/../lib/gcc/arm-none-eabi/12.3.1/thumb/v7e-m+fp/hard/crtbegin.o
LOAD E:/ST/STM32CubeIDE_1.16.1/STM32CubeIDE/plugins/com.st.stm32cube.ide.mcu.externaltools.gnu-tools-for-stm32.12.3.rel1.win32_1.0.200.202406191623/tools/bin/../lib/gcc/arm-none-eabi/12.3.1/../../../../arm-none-eabi/lib/thumb/v7e-m+fp/hard/crt0.o
LOAD ./Core/Src/can.o
LOAD ./Core/Src/device_configs.o
LOAD ./Core/Src/error.o
LOAD ./Core/Src/main.o
LOAD ./Core/Src/stm32f4xx_hal_msp.o
LOAD ./Core/Src/stm32f4xx_it.o
LOAD ./Core/Src/syscalls.o
LOAD ./Core/Src/sysmem.o
LOAD ./Core/Src/system_stm32f4xx.o
LOAD ./Core/Src/ui.o
LOAD ./Core/Src/utils.o
LOAD ./Core/Startup/startup_stm32f446retx.o
LOAD ./Drivers/OLED/ssd1306.o
LOAD ./Drivers/OLED/ssd1306_fonts.o
LOAD ./Drivers/STM32F4xx_HAL_Driver/Src/stm32f4xx_hal.o
LOAD ./Drivers/STM32F4xx_HAL_Driver/Src/stm32f4xx_hal_can.o
LOAD ./Drivers/STM32F4xx_HAL_Driver/Src/stm32f4xx_hal_cortex.o
LOAD ./Drivers/STM32F4xx_HAL_Driver/Src/stm32f4xx_hal_dma.o
LOAD ./Drivers/STM32F4xx_HAL_Driver/Src/stm32f4xx_hal_dma_ex.o
LOAD ./Drivers/STM32F4xx_HAL_Driver/Src/stm32f4xx_hal_exti.o
LOAD ./Drivers/STM32F4xx_HAL_Driver/Src/stm32f4xx_hal_flash.o
LOAD ./Drivers/STM32F4xx_HAL_Driver/Src/stm32f4xx_hal_flash_ex.o
LOAD ./Drivers/STM32F4xx_HAL_Driver/Src/stm32f4xx_hal_flash_ramfunc.o
LOAD ./Drivers/STM32F4xx_HAL_Driver/Src/stm32f4xx_hal_gpio.o
LOAD ./Drivers/STM32F4xx_HAL_Driver/Src/stm32f4xx_hal_i2c.o
LOAD ./Drivers/STM32F4xx_HAL_Driver/Src/stm32f4xx_hal_i2c_ex.o
LOAD ./Drivers/STM32F4xx_HAL_Driver/Src/stm32f4xx_hal_pwr.o
LOAD ./Drivers/STM32F4xx_HAL_Driver/Src/stm32f4xx_hal_pwr_ex.o
LOAD ./Drivers/STM32F4xx_HAL_Driver/Src/stm32f4xx_hal_rcc.o
LOAD ./Drivers/STM32F4xx_HAL_Driver/Src/stm32f4xx_hal_rcc_ex.o
LOAD ./Drivers/STM32F4xx_HAL_Driver/Src/stm32f4xx_hal_tim.o
LOAD ./Drivers/STM32F4xx_HAL_Driver/Src/stm32f4xx_hal_tim_ex.o
START GROUP
LOAD E:/ST/STM32CubeIDE_1.16.1/STM32CubeIDE/plugins/com.st.stm32cube.ide.mcu.externaltools.gnu-tools-for-stm32.12.3.rel1.win32_1.0.200.202406191623/tools/bin/../lib/gcc/arm-none-eabi/12.3.1/../../../../arm-none-eabi/lib/thumb/v7e-m+fp/hard\libc_nano.a
LOAD E:/ST/STM32CubeIDE_1.16.1/STM32CubeIDE/plugins/com.st.stm32cube.ide.mcu.externaltools.gnu-tools-for-stm32.12.3.rel1.win32_1.0.200.202406191623/tools/bin/../lib/gcc/arm-none-eabi/12.3.1/../../../../arm-none-eabi/lib/thumb/v7e-m+fp/hard\libm.a
END GROUP
START GROUP
LOAD E:/ST/STM32CubeIDE_1.16.1/STM32CubeIDE/plugins/com.st.stm32cube.ide.mcu.externaltools.gnu-tools-for-stm32.12.3.rel1.win32_1.0.200.202406191623/tools/bin/../lib/gcc/arm-none-eabi/12.3.1/thumb/v7e-m+fp/hard\libgcc.a
LOAD E:/ST/STM32CubeIDE_1.16.1/STM32CubeIDE/plugins/com.st.stm32cube.ide.mcu.externaltools.gnu-tools-for-stm32.12.3.rel1.win32_1.0.200.202406191623/tools/bin/../lib/gcc/arm-none-eabi/12.3.1/../../../../arm-none-eabi/lib/thumb/v7e-m+fp/hard\libc_nano.a
END GROUP
START GROUP
LOAD E:/ST/STM32CubeIDE_1.16.1/STM32CubeIDE/plugins/com.st.stm32cube.ide.mcu.externaltools.gnu-tools-for-stm32.12.3.rel1.win32_1.0.200.202406191623/tools/bin/../lib/gcc/arm-none-eabi/12.3.1/thumb/v7e-m+fp/hard\libgcc.a
LOAD E:/ST/STM32CubeIDE_1.16.1/STM32CubeIDE/plugins/com.st.stm32cube.ide.mcu.externaltools.gnu-tools-for-stm32.12.3.rel1.win32_1.0.200.202406191623/tools/bin/../lib/gcc/arm-none-eabi/12.3.1/../../../../arm-none-eabi/lib/thumb/v7e-m+fp/hard\libc_nano.a
LOAD E:/ST/STM32CubeIDE_1.16.1/STM32CubeIDE/plugins/com.st.stm32cube.ide.mcu.externaltools.gnu-tools-for-stm32.12.3.rel1.win32_1.0.200.202406191623/tools/bin/../lib/gcc/arm-none-eabi/12.3.1/../../../../arm-none-eabi/lib/thumb/v7e-m+fp/hard\libnosys.a
END GROUP
START GROUP
LOAD E:/ST/STM32CubeIDE_1.16.1/STM32CubeIDE/plugins/com.st.stm32cube.ide.mcu.externaltools.gnu-tools-for-stm32.12.3.rel1.win32_1.0.200.202406191623/tools/bin/../lib/gcc/arm-none-eabi/12.3.1/thumb/v7e-m+fp/hard\libgcc.a
LOAD E:/ST/STM32CubeIDE_1.16.1/STM32CubeIDE/plugins/com.st.stm32cube.ide.mcu.externaltools.gnu-tools-for-stm32.12.3.rel1.win32_1.0.200.202406191623/tools/bin/../lib/gcc/arm-none-eabi/12.3.1/../../../../arm-none-eabi/lib/thumb/v7e-m+fp/hard\libc_nano.a
LOAD E:/ST/STM32CubeIDE_1.16.1/STM32CubeIDE/plugins/com.st.stm32cube.ide.mcu.externaltools.gnu-tools-for-stm32.12.3.rel1.win32_1.0.200.202406191623/tools/bin/../lib/gcc/arm-none-eabi/12.3.1/../../../../arm-none-eabi/lib/thumb/v7e-m+fp/hard\libnosys.a
END GROUP
LOAD E:/ST/STM32CubeIDE_1.16.1/STM32CubeIDE/plugins/com.st.stm32cube.ide.mcu.externaltools.gnu-tools-for-stm32.12.3.rel1.win32_1.0.200.202406191623/tools/bin/../lib/gcc/arm-none-eabi/12.3.1/thumb/v7e-m+fp/hard/crtend.o
LOAD E:/ST/STM32CubeIDE_1.16.1/STM32CubeIDE/plugins/com.st.stm32cube.ide.mcu.externaltools.gnu-tools-for-stm32.12.3.rel1.win32_1.0.200.202406191623/tools/bin/../lib/gcc/arm-none-eabi/12.3.1/thumb/v7e-m+fp/hard/crtn.o
                0x20020000                        _estack = (ORIGIN (RAM) + LENGTH (RAM))
                0x00000200                        _Min_Heap_Size = 0x200
                0x00000400                        _Min_Stack_Size = 0x400

.isr_vector     0x08000000      0x1c4
                0x08000000                        . = ALIGN (0x4)
 *(.isr_vector)
 .isr_vector    0x08000000      0x1c4 ./Core/Startup/startup_stm32f446retx.o
                0x08000000                g_pfnVectors
                0x080001c4                        . = ALIGN (0x4)

.text           0x080001d0     0x4d04
                0x080001d0                        . = ALIGN (0x4)
 *(.text)
 .text          0x080001d0       0x40 E:/ST/STM32CubeIDE_1.16.1/STM32CubeIDE/plugins/com.st.stm32cube.ide.mcu.externaltools.gnu-tools-for-stm32.12.3.rel1.win32_1.0.200.202406191623/tools/bin/../lib/gcc/arm-none-eabi/12.3.1/thumb/v7e-m+fp/hard/crtbegin.o
 .text          0x08000210       0xa0 E:/ST/STM32CubeIDE_1.16.1/STM32CubeIDE/plugins/com.st.stm32cube.ide.mcu.externaltools.gnu-tools-for-stm32.12.3.rel1.win32_1.0.200.202406191623/tools/bin/../lib/gcc/arm-none-eabi/12.3.1/../../../../arm-none-eabi/lib/thumb/v7e-m+fp/hard\libc_nano.a(libc_a-memchr.o)
                0x08000210                memchr
 .text          0x080002b0       0x30 E:/ST/STM32CubeIDE_1.16.1/STM32CubeIDE/plugins/com.st.stm32cube.ide.mcu.externaltools.gnu-tools-for-stm32.12.3.rel1.win32_1.0.200.202406191623/tools/bin/../lib/gcc/arm-none-eabi/12.3.1/thumb/v7e-m+fp/hard\libgcc.a(_aeabi_uldivmod.o)
                0x080002b0                __aeabi_uldivmod
 .text          0x080002e0      0x2bc E:/ST/STM32CubeIDE_1.16.1/STM32CubeIDE/plugins/com.st.stm32cube.ide.mcu.externaltools.gnu-tools-for-stm32.12.3.rel1.win32_1.0.200.202406191623/tools/bin/../lib/gcc/arm-none-eabi/12.3.1/thumb/v7e-m+fp/hard\libgcc.a(_udivmoddi4.o)
                0x080002e0                __udivmoddi4
 .text          0x0800059c        0x4 E:/ST/STM32CubeIDE_1.16.1/STM32CubeIDE/plugins/com.st.stm32cube.ide.mcu.externaltools.gnu-tools-for-stm32.12.3.rel1.win32_1.0.200.202406191623/tools/bin/../lib/gcc/arm-none-eabi/12.3.1/thumb/v7e-m+fp/hard\libgcc.a(_dvmd_tls.o)
                0x0800059c                __aeabi_idiv0
                0x0800059c                __aeabi_ldiv0
 *(.text*)
 .text.get_request_id
                0x080005a0       0x1a ./Core/Src/can.o
 *fill*         0x080005ba        0x2 
 .text.build_can_request
                0x080005bc      0x140 ./Core/Src/can.o
                0x080005bc                build_can_request
 .text.send_can_request
                0x080006fc      0x26c ./Core/Src/can.o
                0x080006fc                send_can_request
 .text.send_all_can_requests
                0x08000968       0x64 ./Core/Src/can.o
                0x08000968                send_all_can_requests
 .text.get_CANDeviceConfig_by_canid
                0x080009cc       0x48 ./Core/Src/can.o
                0x080009cc                get_CANDeviceConfig_by_canid
 .text.get_CANDevicePID_by_pid
                0x08000a14       0x54 ./Core/Src/can.o
                0x08000a14                get_CANDevicePID_by_pid
 .text.iterate_signals_for_changes
                0x08000a68       0x92 ./Core/Src/can.o
                0x08000a68                iterate_signals_for_changes
 *fill*         0x08000afa        0x2 
 .text.parse_rx_CAN_message
                0x08000afc       0x98 ./Core/Src/can.o
                0x08000afc                parse_rx_CAN_message
 .text.User_Error_Handler
                0x08000b94       0xd0 ./Core/Src/error.o
                0x08000b94                User_Error_Handler
 .text.HAL_CAN_RxFifo0MsgPendingCallback
                0x08000c64       0xec ./Core/Src/main.o
                0x08000c64                HAL_CAN_RxFifo0MsgPendingCallback
 .text.main     0x08000d50       0xa4 ./Core/Src/main.o
                0x08000d50                main
 .text.SystemClock_Config
                0x08000df4       0xe4 ./Core/Src/main.o
                0x08000df4                SystemClock_Config
 .text.MX_CAN1_Init
                0x08000ed8       0xb4 ./Core/Src/main.o
 .text.MX_I2C1_Init
                0x08000f8c       0x5c ./Core/Src/main.o
 .text.MX_GPIO_Init
                0x08000fe8       0xa0 ./Core/Src/main.o
 .text.Error_Handler
                0x08001088       0x20 ./Core/Src/main.o
                0x08001088                Error_Handler
 .text.HAL_MspInit
                0x080010a8       0x50 ./Core/Src/stm32f4xx_hal_msp.o
                0x080010a8                HAL_MspInit
 .text.HAL_CAN_MspInit
                0x080010f8       0xb0 ./Core/Src/stm32f4xx_hal_msp.o
                0x080010f8                HAL_CAN_MspInit
 .text.HAL_I2C_MspInit
                0x080011a8       0x90 ./Core/Src/stm32f4xx_hal_msp.o
                0x080011a8                HAL_I2C_MspInit
 .text.NMI_Handler
                0x08001238        0x8 ./Core/Src/stm32f4xx_it.o
                0x08001238                NMI_Handler
 .text.HardFault_Handler
                0x08001240        0x8 ./Core/Src/stm32f4xx_it.o
                0x08001240                HardFault_Handler
 .text.MemManage_Handler
                0x08001248        0x8 ./Core/Src/stm32f4xx_it.o
                0x08001248                MemManage_Handler
 .text.BusFault_Handler
                0x08001250        0x8 ./Core/Src/stm32f4xx_it.o
                0x08001250                BusFault_Handler
 .text.UsageFault_Handler
                0x08001258        0x8 ./Core/Src/stm32f4xx_it.o
                0x08001258                UsageFault_Handler
 .text.SVC_Handler
                0x08001260        0xe ./Core/Src/stm32f4xx_it.o
                0x08001260                SVC_Handler
 .text.DebugMon_Handler
                0x0800126e        0xe ./Core/Src/stm32f4xx_it.o
                0x0800126e                DebugMon_Handler
 .text.PendSV_Handler
                0x0800127c        0xe ./Core/Src/stm32f4xx_it.o
                0x0800127c                PendSV_Handler
 .text.SysTick_Handler
                0x0800128a        0xc ./Core/Src/stm32f4xx_it.o
                0x0800128a                SysTick_Handler
 *fill*         0x08001296        0x2 
 .text.CAN1_TX_IRQHandler
                0x08001298       0x14 ./Core/Src/stm32f4xx_it.o
                0x08001298                CAN1_TX_IRQHandler
 .text.CAN1_RX0_IRQHandler
                0x080012ac       0x14 ./Core/Src/stm32f4xx_it.o
                0x080012ac                CAN1_RX0_IRQHandler
 .text._sbrk    0x080012c0       0x6c ./Core/Src/sysmem.o
                0x080012c0                _sbrk
 .text.SystemInit
                0x0800132c       0x24 ./Core/Src/system_stm32f4xx.o
                0x0800132c                SystemInit
 .text.init_OLED_Data
                0x08001350       0x30 ./Core/Src/ui.o
                0x08001350                init_OLED_Data
 .text.scroll_messages
                0x08001380       0x5c ./Core/Src/ui.o
                0x08001380                scroll_messages
 .text.send_Console_Msg
                0x080013dc       0x78 ./Core/Src/ui.o
                0x080013dc                send_Console_Msg
 .text.display_messages
                0x08001454       0x70 ./Core/Src/ui.o
                0x08001454                display_messages
 .text.draw_screen_data_states
                0x080014c4      0x164 ./Core/Src/ui.o
                0x080014c4                draw_screen_data_states
 .text.bytes_to_uint32
                0x08001628       0x24 ./Core/Src/utils.o
                0x08001628                bytes_to_uint32
 .text.tobinary
                0x0800164c       0x20 ./Core/Src/utils.o
                0x0800164c                tobinary
 .text.Reset_Handler
                0x0800166c       0x50 ./Core/Startup/startup_stm32f446retx.o
                0x0800166c                Reset_Handler
 .text.Default_Handler
                0x080016bc        0x2 ./Core/Startup/startup_stm32f446retx.o
                0x080016bc                RTC_Alarm_IRQHandler
                0x080016bc                EXTI2_IRQHandler
                0x080016bc                TIM8_CC_IRQHandler
                0x080016bc                FMPI2C1_EV_IRQHandler
                0x080016bc                SPI4_IRQHandler
                0x080016bc                TIM1_CC_IRQHandler
                0x080016bc                DMA2_Stream5_IRQHandler
                0x080016bc                DMA1_Stream5_IRQHandler
                0x080016bc                PVD_IRQHandler
                0x080016bc                SDIO_IRQHandler
                0x080016bc                TAMP_STAMP_IRQHandler
                0x080016bc                CAN2_RX1_IRQHandler
                0x080016bc                EXTI3_IRQHandler
                0x080016bc                TIM8_TRG_COM_TIM14_IRQHandler
                0x080016bc                TIM1_UP_TIM10_IRQHandler
                0x080016bc                TIM8_UP_TIM13_IRQHandler
                0x080016bc                I2C3_ER_IRQHandler
                0x080016bc                EXTI0_IRQHandler
                0x080016bc                I2C2_EV_IRQHandler
                0x080016bc                DMA1_Stream2_IRQHandler
                0x080016bc                FPU_IRQHandler
                0x080016bc                OTG_HS_WKUP_IRQHandler
                0x080016bc                CAN2_SCE_IRQHandler
                0x080016bc                DMA2_Stream2_IRQHandler
                0x080016bc                SPI1_IRQHandler
                0x080016bc                TIM6_DAC_IRQHandler
                0x080016bc                TIM1_BRK_TIM9_IRQHandler
                0x080016bc                DCMI_IRQHandler
                0x080016bc                CAN2_RX0_IRQHandler
                0x080016bc                DMA2_Stream3_IRQHandler
                0x080016bc                SAI2_IRQHandler
                0x080016bc                USART6_IRQHandler
                0x080016bc                USART3_IRQHandler
                0x080016bc                CAN1_RX1_IRQHandler
                0x080016bc                UART5_IRQHandler
                0x080016bc                DMA2_Stream0_IRQHandler
                0x080016bc                TIM4_IRQHandler
                0x080016bc                QUADSPI_IRQHandler
                0x080016bc                I2C1_EV_IRQHandler
                0x080016bc                DMA1_Stream6_IRQHandler
                0x080016bc                DMA1_Stream1_IRQHandler
                0x080016bc                UART4_IRQHandler
                0x080016bc                TIM3_IRQHandler
                0x080016bc                RCC_IRQHandler
                0x080016bc                TIM8_BRK_TIM12_IRQHandler
                0x080016bc                Default_Handler
                0x080016bc                CEC_IRQHandler
                0x080016bc                EXTI15_10_IRQHandler
                0x080016bc                ADC_IRQHandler
                0x080016bc                DMA1_Stream7_IRQHandler
                0x080016bc                TIM7_IRQHandler
                0x080016bc                CAN2_TX_IRQHandler
                0x080016bc                TIM5_IRQHandler
                0x080016bc                DMA2_Stream7_IRQHandler
                0x080016bc                I2C3_EV_IRQHandler
                0x080016bc                EXTI9_5_IRQHandler
                0x080016bc                RTC_WKUP_IRQHandler
                0x080016bc                SPDIF_RX_IRQHandler
                0x080016bc                SPI2_IRQHandler
                0x080016bc                OTG_HS_EP1_IN_IRQHandler
                0x080016bc                DMA1_Stream0_IRQHandler
                0x080016bc                FMPI2C1_ER_IRQHandler
                0x080016bc                EXTI4_IRQHandler
                0x080016bc                OTG_HS_EP1_OUT_IRQHandler
                0x080016bc                WWDG_IRQHandler
                0x080016bc                TIM2_IRQHandler
                0x080016bc                OTG_FS_WKUP_IRQHandler
                0x080016bc                TIM1_TRG_COM_TIM11_IRQHandler
                0x080016bc                OTG_HS_IRQHandler
                0x080016bc                EXTI1_IRQHandler
                0x080016bc                USART2_IRQHandler
                0x080016bc                I2C2_ER_IRQHandler
                0x080016bc                DMA2_Stream1_IRQHandler
                0x080016bc                CAN1_SCE_IRQHandler
                0x080016bc                FLASH_IRQHandler
                0x080016bc                DMA2_Stream4_IRQHandler
                0x080016bc                USART1_IRQHandler
                0x080016bc                OTG_FS_IRQHandler
                0x080016bc                SPI3_IRQHandler
                0x080016bc                DMA1_Stream4_IRQHandler
                0x080016bc                I2C1_ER_IRQHandler
                0x080016bc                FMC_IRQHandler
                0x080016bc                DMA2_Stream6_IRQHandler
                0x080016bc                SAI1_IRQHandler
                0x080016bc                DMA1_Stream3_IRQHandler
 .text.ssd1306_Reset
                0x080016be        0xe ./Drivers/OLED/ssd1306.o
                0x080016be                ssd1306_Reset
 .text.ssd1306_WriteCommand
                0x080016cc       0x30 ./Drivers/OLED/ssd1306.o
                0x080016cc                ssd1306_WriteCommand
 .text.ssd1306_WriteData
                0x080016fc       0x34 ./Drivers/OLED/ssd1306.o
                0x080016fc                ssd1306_WriteData
 .text.ssd1306_Init
                0x08001730       0xd4 ./Drivers/OLED/ssd1306.o
                0x08001730                ssd1306_Init
 .text.ssd1306_Fill
                0x08001804       0x30 ./Drivers/OLED/ssd1306.o
                0x08001804                ssd1306_Fill
 .text.ssd1306_UpdateScreen
                0x08001834       0x50 ./Drivers/OLED/ssd1306.o
                0x08001834                ssd1306_UpdateScreen
 .text.ssd1306_DrawPixel
                0x08001884       0xa8 ./Drivers/OLED/ssd1306.o
                0x08001884                ssd1306_DrawPixel
 .text.ssd1306_WriteChar
                0x0800192c      0x120 ./Drivers/OLED/ssd1306.o
                0x0800192c                ssd1306_WriteChar
 .text.ssd1306_WriteString
                0x08001a4c       0x4c ./Drivers/OLED/ssd1306.o
                0x08001a4c                ssd1306_WriteString
 .text.ssd1306_SetCursor
                0x08001a98       0x30 ./Drivers/OLED/ssd1306.o
                0x08001a98                ssd1306_SetCursor
 .text.ssd1306_FillRectangle
                0x08001ac8       0x9c ./Drivers/OLED/ssd1306.o
                0x08001ac8                ssd1306_FillRectangle
 .text.ssd1306_SetContrast
                0x08001b64       0x26 ./Drivers/OLED/ssd1306.o
                0x08001b64                ssd1306_SetContrast
 *fill*         0x08001b8a        0x2 
 .text.ssd1306_SetDisplayOn
                0x08001b8c       0x3c ./Drivers/OLED/ssd1306.o
                0x08001b8c                ssd1306_SetDisplayOn
 .text.HAL_Init
                0x08001bc8       0x44 ./Drivers/STM32F4xx_HAL_Driver/Src/stm32f4xx_hal.o
                0x08001bc8                HAL_Init
 .text.HAL_InitTick
                0x08001c0c       0x60 ./Drivers/STM32F4xx_HAL_Driver/Src/stm32f4xx_hal.o
                0x08001c0c                HAL_InitTick
 .text.HAL_IncTick
                0x08001c6c       0x28 ./Drivers/STM32F4xx_HAL_Driver/Src/stm32f4xx_hal.o
                0x08001c6c                HAL_IncTick
 .text.HAL_GetTick
                0x08001c94       0x18 ./Drivers/STM32F4xx_HAL_Driver/Src/stm32f4xx_hal.o
                0x08001c94                HAL_GetTick
 .text.HAL_Delay
                0x08001cac       0x48 ./Drivers/STM32F4xx_HAL_Driver/Src/stm32f4xx_hal.o
                0x08001cac                HAL_Delay
 .text.HAL_CAN_Init
                0x08001cf4      0x1f6 ./Drivers/STM32F4xx_HAL_Driver/Src/stm32f4xx_hal_can.o
                0x08001cf4                HAL_CAN_Init
 *fill*         0x08001eea        0x2 
 .text.HAL_CAN_ConfigFilter
                0x08001eec      0x1c0 ./Drivers/STM32F4xx_HAL_Driver/Src/stm32f4xx_hal_can.o
                0x08001eec                HAL_CAN_ConfigFilter
 .text.HAL_CAN_Start
                0x080020ac       0x88 ./Drivers/STM32F4xx_HAL_Driver/Src/stm32f4xx_hal_can.o
                0x080020ac                HAL_CAN_Start
 .text.HAL_CAN_AddTxMessage
                0x08002134      0x1a0 ./Drivers/STM32F4xx_HAL_Driver/Src/stm32f4xx_hal_can.o
                0x08002134                HAL_CAN_AddTxMessage
 .text.HAL_CAN_GetRxMessage
                0x080022d4      0x244 ./Drivers/STM32F4xx_HAL_Driver/Src/stm32f4xx_hal_can.o
                0x080022d4                HAL_CAN_GetRxMessage
 .text.HAL_CAN_ActivateNotification
                0x08002518       0x4c ./Drivers/STM32F4xx_HAL_Driver/Src/stm32f4xx_hal_can.o
                0x08002518                HAL_CAN_ActivateNotification
 .text.HAL_CAN_IRQHandler
                0x08002564      0x36e ./Drivers/STM32F4xx_HAL_Driver/Src/stm32f4xx_hal_can.o
                0x08002564                HAL_CAN_IRQHandler
 .text.HAL_CAN_TxMailbox0CompleteCallback
                0x080028d2       0x14 ./Drivers/STM32F4xx_HAL_Driver/Src/stm32f4xx_hal_can.o
                0x080028d2                HAL_CAN_TxMailbox0CompleteCallback
 .text.HAL_CAN_TxMailbox1CompleteCallback
                0x080028e6       0x14 ./Drivers/STM32F4xx_HAL_Driver/Src/stm32f4xx_hal_can.o
                0x080028e6                HAL_CAN_TxMailbox1CompleteCallback
 .text.HAL_CAN_TxMailbox2CompleteCallback
                0x080028fa       0x14 ./Drivers/STM32F4xx_HAL_Driver/Src/stm32f4xx_hal_can.o
                0x080028fa                HAL_CAN_TxMailbox2CompleteCallback
 .text.HAL_CAN_TxMailbox0AbortCallback
                0x0800290e       0x14 ./Drivers/STM32F4xx_HAL_Driver/Src/stm32f4xx_hal_can.o
                0x0800290e                HAL_CAN_TxMailbox0AbortCallback
 .text.HAL_CAN_TxMailbox1AbortCallback
                0x08002922       0x14 ./Drivers/STM32F4xx_HAL_Driver/Src/stm32f4xx_hal_can.o
                0x08002922                HAL_CAN_TxMailbox1AbortCallback
 .text.HAL_CAN_TxMailbox2AbortCallback
                0x08002936       0x14 ./Drivers/STM32F4xx_HAL_Driver/Src/stm32f4xx_hal_can.o
                0x08002936                HAL_CAN_TxMailbox2AbortCallback
 .text.HAL_CAN_RxFifo0FullCallback
                0x0800294a       0x14 ./Drivers/STM32F4xx_HAL_Driver/Src/stm32f4xx_hal_can.o
                0x0800294a                HAL_CAN_RxFifo0FullCallback
 .text.HAL_CAN_RxFifo1MsgPendingCallback
                0x0800295e       0x14 ./Drivers/STM32F4xx_HAL_Driver/Src/stm32f4xx_hal_can.o
                0x0800295e                HAL_CAN_RxFifo1MsgPendingCallback
 .text.HAL_CAN_RxFifo1FullCallback
                0x08002972       0x14 ./Drivers/STM32F4xx_HAL_Driver/Src/stm32f4xx_hal_can.o
                0x08002972                HAL_CAN_RxFifo1FullCallback
 .text.HAL_CAN_SleepCallback
                0x08002986       0x14 ./Drivers/STM32F4xx_HAL_Driver/Src/stm32f4xx_hal_can.o
                0x08002986                HAL_CAN_SleepCallback
 .text.HAL_CAN_WakeUpFromRxMsgCallback
                0x0800299a       0x14 ./Drivers/STM32F4xx_HAL_Driver/Src/stm32f4xx_hal_can.o
                0x0800299a                HAL_CAN_WakeUpFromRxMsgCallback
 .text.HAL_CAN_ErrorCallback
                0x080029ae       0x14 ./Drivers/STM32F4xx_HAL_Driver/Src/stm32f4xx_hal_can.o
                0x080029ae                HAL_CAN_ErrorCallback
 *fill*         0x080029c2        0x2 
 .text.__NVIC_SetPriorityGrouping
                0x080029c4       0x48 ./Drivers/STM32F4xx_HAL_Driver/Src/stm32f4xx_hal_cortex.o
 .text.__NVIC_GetPriorityGrouping
                0x08002a0c       0x1c ./Drivers/STM32F4xx_HAL_Driver/Src/stm32f4xx_hal_cortex.o
 .text.__NVIC_EnableIRQ
                0x08002a28       0x3c ./Drivers/STM32F4xx_HAL_Driver/Src/stm32f4xx_hal_cortex.o
 .text.__NVIC_SetPriority
                0x08002a64       0x54 ./Drivers/STM32F4xx_HAL_Driver/Src/stm32f4xx_hal_cortex.o
 .text.NVIC_EncodePriority
                0x08002ab8       0x66 ./Drivers/STM32F4xx_HAL_Driver/Src/stm32f4xx_hal_cortex.o
 *fill*         0x08002b1e        0x2 
 .text.SysTick_Config
                0x08002b20       0x44 ./Drivers/STM32F4xx_HAL_Driver/Src/stm32f4xx_hal_cortex.o
 .text.HAL_NVIC_SetPriorityGrouping
                0x08002b64       0x16 ./Drivers/STM32F4xx_HAL_Driver/Src/stm32f4xx_hal_cortex.o
                0x08002b64                HAL_NVIC_SetPriorityGrouping
 .text.HAL_NVIC_SetPriority
                0x08002b7a       0x38 ./Drivers/STM32F4xx_HAL_Driver/Src/stm32f4xx_hal_cortex.o
                0x08002b7a                HAL_NVIC_SetPriority
 .text.HAL_NVIC_EnableIRQ
                0x08002bb2       0x1c ./Drivers/STM32F4xx_HAL_Driver/Src/stm32f4xx_hal_cortex.o
                0x08002bb2                HAL_NVIC_EnableIRQ
 .text.HAL_SYSTICK_Config
                0x08002bce       0x18 ./Drivers/STM32F4xx_HAL_Driver/Src/stm32f4xx_hal_cortex.o
                0x08002bce                HAL_SYSTICK_Config
 *fill*         0x08002be6        0x2 
 .text.HAL_GPIO_Init
                0x08002be8      0x328 ./Drivers/STM32F4xx_HAL_Driver/Src/stm32f4xx_hal_gpio.o
                0x08002be8                HAL_GPIO_Init
 .text.HAL_GPIO_WritePin
                0x08002f10       0x32 ./Drivers/STM32F4xx_HAL_Driver/Src/stm32f4xx_hal_gpio.o
                0x08002f10                HAL_GPIO_WritePin
 .text.HAL_GPIO_TogglePin
                0x08002f42       0x34 ./Drivers/STM32F4xx_HAL_Driver/Src/stm32f4xx_hal_gpio.o
                0x08002f42                HAL_GPIO_TogglePin
 *fill*         0x08002f76        0x2 
 .text.HAL_I2C_Init
                0x08002f78      0x288 ./Drivers/STM32F4xx_HAL_Driver/Src/stm32f4xx_hal_i2c.o
                0x08002f78                HAL_I2C_Init
 .text.HAL_I2C_Mem_Write
                0x08003200      0x1f4 ./Drivers/STM32F4xx_HAL_Driver/Src/stm32f4xx_hal_i2c.o
                0x08003200                HAL_I2C_Mem_Write
 .text.I2C_RequestMemoryWrite
                0x080033f4      0x12c ./Drivers/STM32F4xx_HAL_Driver/Src/stm32f4xx_hal_i2c.o
 .text.I2C_WaitOnFlagUntilTimeout
                0x08003520       0xf4 ./Drivers/STM32F4xx_HAL_Driver/Src/stm32f4xx_hal_i2c.o
 .text.I2C_WaitOnMasterAddressFlagUntilTimeout
                0x08003614      0x140 ./Drivers/STM32F4xx_HAL_Driver/Src/stm32f4xx_hal_i2c.o
 .text.I2C_WaitOnTXEFlagUntilTimeout
                0x08003754       0x90 ./Drivers/STM32F4xx_HAL_Driver/Src/stm32f4xx_hal_i2c.o
 .text.I2C_WaitOnBTFFlagUntilTimeout
                0x080037e4       0x90 ./Drivers/STM32F4xx_HAL_Driver/Src/stm32f4xx_hal_i2c.o
 .text.I2C_IsAcknowledgeFailed
                0x08003874       0x5e ./Drivers/STM32F4xx_HAL_Driver/Src/stm32f4xx_hal_i2c.o
 *fill*         0x080038d2        0x2 
 .text.HAL_PWREx_EnableOverDrive
                0x080038d4       0xa0 ./Drivers/STM32F4xx_HAL_Driver/Src/stm32f4xx_hal_pwr_ex.o
                0x080038d4                HAL_PWREx_EnableOverDrive
 .text.HAL_RCC_ClockConfig
                0x08003974      0x1cc ./Drivers/STM32F4xx_HAL_Driver/Src/stm32f4xx_hal_rcc.o
                0x08003974                HAL_RCC_ClockConfig
 .text.HAL_RCC_GetHCLKFreq
                0x08003b40       0x18 ./Drivers/STM32F4xx_HAL_Driver/Src/stm32f4xx_hal_rcc.o
                0x08003b40                HAL_RCC_GetHCLKFreq
 .text.HAL_RCC_GetPCLK1Freq
                0x08003b58       0x28 ./Drivers/STM32F4xx_HAL_Driver/Src/stm32f4xx_hal_rcc.o
                0x08003b58                HAL_RCC_GetPCLK1Freq
 .text.HAL_RCC_GetSysClockFreq
                0x08003b80      0x460 ./Drivers/STM32F4xx_HAL_Driver/Src/stm32f4xx_hal_rcc_ex.o
                0x08003b80                HAL_RCC_GetSysClockFreq
 .text.HAL_RCC_OscConfig
                0x08003fe0      0x53c ./Drivers/STM32F4xx_HAL_Driver/Src/stm32f4xx_hal_rcc_ex.o
                0x08003fe0                HAL_RCC_OscConfig
 .text.snprintf
                0x0800451c       0x68 E:/ST/STM32CubeIDE_1.16.1/STM32CubeIDE/plugins/com.st.stm32cube.ide.mcu.externaltools.gnu-tools-for-stm32.12.3.rel1.win32_1.0.200.202406191623/tools/bin/../lib/gcc/arm-none-eabi/12.3.1/../../../../arm-none-eabi/lib/thumb/v7e-m+fp/hard\libc_nano.a(libc_a-snprintf.o)
                0x0800451c                sniprintf
                0x0800451c                snprintf
 .text.memset   0x08004584       0x10 E:/ST/STM32CubeIDE_1.16.1/STM32CubeIDE/plugins/com.st.stm32cube.ide.mcu.externaltools.gnu-tools-for-stm32.12.3.rel1.win32_1.0.200.202406191623/tools/bin/../lib/gcc/arm-none-eabi/12.3.1/../../../../arm-none-eabi/lib/thumb/v7e-m+fp/hard\libc_nano.a(libc_a-memset.o)
                0x08004584                memset
 .text.strncpy  0x08004594       0x26 E:/ST/STM32CubeIDE_1.16.1/STM32CubeIDE/plugins/com.st.stm32cube.ide.mcu.externaltools.gnu-tools-for-stm32.12.3.rel1.win32_1.0.200.202406191623/tools/bin/../lib/gcc/arm-none-eabi/12.3.1/../../../../arm-none-eabi/lib/thumb/v7e-m+fp/hard\libc_nano.a(libc_a-strncpy.o)
                0x08004594                strncpy
 *fill*         0x080045ba        0x2 
 .text.__errno  0x080045bc        0xc E:/ST/STM32CubeIDE_1.16.1/STM32CubeIDE/plugins/com.st.stm32cube.ide.mcu.externaltools.gnu-tools-for-stm32.12.3.rel1.win32_1.0.200.202406191623/tools/bin/../lib/gcc/arm-none-eabi/12.3.1/../../../../arm-none-eabi/lib/thumb/v7e-m+fp/hard\libc_nano.a(libc_a-errno.o)
                0x080045bc                __errno
 .text.__libc_init_array
                0x080045c8       0x48 E:/ST/STM32CubeIDE_1.16.1/STM32CubeIDE/plugins/com.st.stm32cube.ide.mcu.externaltools.gnu-tools-for-stm32.12.3.rel1.win32_1.0.200.202406191623/tools/bin/../lib/gcc/arm-none-eabi/12.3.1/../../../../arm-none-eabi/lib/thumb/v7e-m+fp/hard\libc_nano.a(libc_a-init.o)
                0x080045c8                __libc_init_array
 .text.__retarget_lock_acquire_recursive
                0x08004610        0x2 E:/ST/STM32CubeIDE_1.16.1/STM32CubeIDE/plugins/com.st.stm32cube.ide.mcu.externaltools.gnu-tools-for-stm32.12.3.rel1.win32_1.0.200.202406191623/tools/bin/../lib/gcc/arm-none-eabi/12.3.1/../../../../arm-none-eabi/lib/thumb/v7e-m+fp/hard\libc_nano.a(libc_a-lock.o)
                0x08004610                __retarget_lock_acquire_recursive
 .text.__retarget_lock_release_recursive
                0x08004612        0x2 E:/ST/STM32CubeIDE_1.16.1/STM32CubeIDE/plugins/com.st.stm32cube.ide.mcu.externaltools.gnu-tools-for-stm32.12.3.rel1.win32_1.0.200.202406191623/tools/bin/../lib/gcc/arm-none-eabi/12.3.1/../../../../arm-none-eabi/lib/thumb/v7e-m+fp/hard\libc_nano.a(libc_a-lock.o)
                0x08004612                __retarget_lock_release_recursive
 .text.strcpy   0x08004614       0x10 E:/ST/STM32CubeIDE_1.16.1/STM32CubeIDE/plugins/com.st.stm32cube.ide.mcu.externaltools.gnu-tools-for-stm32.12.3.rel1.win32_1.0.200.202406191623/tools/bin/../lib/gcc/arm-none-eabi/12.3.1/../../../../arm-none-eabi/lib/thumb/v7e-m+fp/hard\libc_nano.a(libc_a-strcpy.o)
                0x08004614                strcpy
 .text.memcpy   0x08004624       0x1c E:/ST/STM32CubeIDE_1.16.1/STM32CubeIDE/plugins/com.st.stm32cube.ide.mcu.externaltools.gnu-tools-for-stm32.12.3.rel1.win32_1.0.200.202406191623/tools/bin/../lib/gcc/arm-none-eabi/12.3.1/../../../../arm-none-eabi/lib/thumb/v7e-m+fp/hard\libc_nano.a(libc_a-memcpy-stub.o)
                0x08004624                memcpy
 .text._free_r  0x08004640       0x94 E:/ST/STM32CubeIDE_1.16.1/STM32CubeIDE/plugins/com.st.stm32cube.ide.mcu.externaltools.gnu-tools-for-stm32.12.3.rel1.win32_1.0.200.202406191623/tools/bin/../lib/gcc/arm-none-eabi/12.3.1/../../../../arm-none-eabi/lib/thumb/v7e-m+fp/hard\libc_nano.a(libc_a-freer.o)
                0x08004640                _free_r
 .text.sbrk_aligned
                0x080046d4       0x44 E:/ST/STM32CubeIDE_1.16.1/STM32CubeIDE/plugins/com.st.stm32cube.ide.mcu.externaltools.gnu-tools-for-stm32.12.3.rel1.win32_1.0.200.202406191623/tools/bin/../lib/gcc/arm-none-eabi/12.3.1/../../../../arm-none-eabi/lib/thumb/v7e-m+fp/hard\libc_nano.a(libc_a-mallocr.o)
 .text._malloc_r
                0x08004718      0x100 E:/ST/STM32CubeIDE_1.16.1/STM32CubeIDE/plugins/com.st.stm32cube.ide.mcu.externaltools.gnu-tools-for-stm32.12.3.rel1.win32_1.0.200.202406191623/tools/bin/../lib/gcc/arm-none-eabi/12.3.1/../../../../arm-none-eabi/lib/thumb/v7e-m+fp/hard\libc_nano.a(libc_a-mallocr.o)
                0x08004718                _malloc_r
 .text.__malloc_lock
                0x08004818        0xc E:/ST/STM32CubeIDE_1.16.1/STM32CubeIDE/plugins/com.st.stm32cube.ide.mcu.externaltools.gnu-tools-for-stm32.12.3.rel1.win32_1.0.200.202406191623/tools/bin/../lib/gcc/arm-none-eabi/12.3.1/../../../../arm-none-eabi/lib/thumb/v7e-m+fp/hard\libc_nano.a(libc_a-mlock.o)
                0x08004818                __malloc_lock
 .text.__malloc_unlock
                0x08004824        0xc E:/ST/STM32CubeIDE_1.16.1/STM32CubeIDE/plugins/com.st.stm32cube.ide.mcu.externaltools.gnu-tools-for-stm32.12.3.rel1.win32_1.0.200.202406191623/tools/bin/../lib/gcc/arm-none-eabi/12.3.1/../../../../arm-none-eabi/lib/thumb/v7e-m+fp/hard\libc_nano.a(libc_a-mlock.o)
                0x08004824                __malloc_unlock
 .text.__ssputs_r
                0x08004830       0xb6 E:/ST/STM32CubeIDE_1.16.1/STM32CubeIDE/plugins/com.st.stm32cube.ide.mcu.externaltools.gnu-tools-for-stm32.12.3.rel1.win32_1.0.200.202406191623/tools/bin/../lib/gcc/arm-none-eabi/12.3.1/../../../../arm-none-eabi/lib/thumb/v7e-m+fp/hard\libc_nano.a(libc_a-nano-svfprintf.o)
                0x08004830                __ssputs_r
 *fill*         0x080048e6        0x2 
 .text._svfprintf_r
                0x080048e8      0x1f8 E:/ST/STM32CubeIDE_1.16.1/STM32CubeIDE/plugins/com.st.stm32cube.ide.mcu.externaltools.gnu-tools-for-stm32.12.3.rel1.win32_1.0.200.202406191623/tools/bin/../lib/gcc/arm-none-eabi/12.3.1/../../../../arm-none-eabi/lib/thumb/v7e-m+fp/hard\libc_nano.a(libc_a-nano-svfprintf.o)
                0x080048e8                _svfiprintf_r
                0x080048e8                _svfprintf_r
 .text._printf_common
                0x08004ae0       0xda E:/ST/STM32CubeIDE_1.16.1/STM32CubeIDE/plugins/com.st.stm32cube.ide.mcu.externaltools.gnu-tools-for-stm32.12.3.rel1.win32_1.0.200.202406191623/tools/bin/../lib/gcc/arm-none-eabi/12.3.1/../../../../arm-none-eabi/lib/thumb/v7e-m+fp/hard\libc_nano.a(libc_a-nano-vfprintf_i.o)
                0x08004ae0                _printf_common
 *fill*         0x08004bba        0x2 
 .text._printf_i
                0x08004bbc      0x240 E:/ST/STM32CubeIDE_1.16.1/STM32CubeIDE/plugins/com.st.stm32cube.ide.mcu.externaltools.gnu-tools-for-stm32.12.3.rel1.win32_1.0.200.202406191623/tools/bin/../lib/gcc/arm-none-eabi/12.3.1/../../../../arm-none-eabi/lib/thumb/v7e-m+fp/hard\libc_nano.a(libc_a-nano-vfprintf_i.o)
                0x08004bbc                _printf_i
 .text.memmove  0x08004dfc       0x34 E:/ST/STM32CubeIDE_1.16.1/STM32CubeIDE/plugins/com.st.stm32cube.ide.mcu.externaltools.gnu-tools-for-stm32.12.3.rel1.win32_1.0.200.202406191623/tools/bin/../lib/gcc/arm-none-eabi/12.3.1/../../../../arm-none-eabi/lib/thumb/v7e-m+fp/hard\libc_nano.a(libc_a-memmove.o)
                0x08004dfc                memmove
 .text._sbrk_r  0x08004e30       0x20 E:/ST/STM32CubeIDE_1.16.1/STM32CubeIDE/plugins/com.st.stm32cube.ide.mcu.externaltools.gnu-tools-for-stm32.12.3.rel1.win32_1.0.200.202406191623/tools/bin/../lib/gcc/arm-none-eabi/12.3.1/../../../../arm-none-eabi/lib/thumb/v7e-m+fp/hard\libc_nano.a(libc_a-sbrkr.o)
                0x08004e30                _sbrk_r
 .text._realloc_r
                0x08004e50       0x5c E:/ST/STM32CubeIDE_1.16.1/STM32CubeIDE/plugins/com.st.stm32cube.ide.mcu.externaltools.gnu-tools-for-stm32.12.3.rel1.win32_1.0.200.202406191623/tools/bin/../lib/gcc/arm-none-eabi/12.3.1/../../../../arm-none-eabi/lib/thumb/v7e-m+fp/hard\libc_nano.a(libc_a-reallocr.o)
                0x08004e50                _realloc_r
 .text._malloc_usable_size_r
                0x08004eac       0x10 E:/ST/STM32CubeIDE_1.16.1/STM32CubeIDE/plugins/com.st.stm32cube.ide.mcu.externaltools.gnu-tools-for-stm32.12.3.rel1.win32_1.0.200.202406191623/tools/bin/../lib/gcc/arm-none-eabi/12.3.1/../../../../arm-none-eabi/lib/thumb/v7e-m+fp/hard\libc_nano.a(libc_a-msizer.o)
                0x08004eac                _malloc_usable_size_r
 *(.glue_7)
 .glue_7        0x08004ebc        0x0 linker stubs
 *(.glue_7t)
 .glue_7t       0x08004ebc        0x0 linker stubs
 *(.eh_frame)
 .eh_frame      0x08004ebc        0x0 E:/ST/STM32CubeIDE_1.16.1/STM32CubeIDE/plugins/com.st.stm32cube.ide.mcu.externaltools.gnu-tools-for-stm32.12.3.rel1.win32_1.0.200.202406191623/tools/bin/../lib/gcc/arm-none-eabi/12.3.1/thumb/v7e-m+fp/hard/crtbegin.o
 *(.init)
 .init          0x08004ebc        0x4 E:/ST/STM32CubeIDE_1.16.1/STM32CubeIDE/plugins/com.st.stm32cube.ide.mcu.externaltools.gnu-tools-for-stm32.12.3.rel1.win32_1.0.200.202406191623/tools/bin/../lib/gcc/arm-none-eabi/12.3.1/thumb/v7e-m+fp/hard/crti.o
                0x08004ebc                _init
 .init          0x08004ec0        0x8 E:/ST/STM32CubeIDE_1.16.1/STM32CubeIDE/plugins/com.st.stm32cube.ide.mcu.externaltools.gnu-tools-for-stm32.12.3.rel1.win32_1.0.200.202406191623/tools/bin/../lib/gcc/arm-none-eabi/12.3.1/thumb/v7e-m+fp/hard/crtn.o
 *(.fini)
 .fini          0x08004ec8        0x4 E:/ST/STM32CubeIDE_1.16.1/STM32CubeIDE/plugins/com.st.stm32cube.ide.mcu.externaltools.gnu-tools-for-stm32.12.3.rel1.win32_1.0.200.202406191623/tools/bin/../lib/gcc/arm-none-eabi/12.3.1/thumb/v7e-m+fp/hard/crti.o
                0x08004ec8                _fini
 .fini          0x08004ecc        0x8 E:/ST/STM32CubeIDE_1.16.1/STM32CubeIDE/plugins/com.st.stm32cube.ide.mcu.externaltools.gnu-tools-for-stm32.12.3.rel1.win32_1.0.200.202406191623/tools/bin/../lib/gcc/arm-none-eabi/12.3.1/thumb/v7e-m+fp/hard/crtn.o
                0x08004ed4                        . = ALIGN (0x4)
                0x08004ed4                        _etext = .

.vfp11_veneer   0x08004ed4        0x0
 .vfp11_veneer  0x08004ed4        0x0 linker stubs

.v4_bx          0x08004ed4        0x0
 .v4_bx         0x08004ed4        0x0 linker stubs

.iplt           0x08004ed4        0x0
 .iplt          0x08004ed4        0x0 E:/ST/STM32CubeIDE_1.16.1/STM32CubeIDE/plugins/com.st.stm32cube.ide.mcu.externaltools.gnu-tools-for-stm32.12.3.rel1.win32_1.0.200.202406191623/tools/bin/../lib/gcc/arm-none-eabi/12.3.1/thumb/v7e-m+fp/hard/crtbegin.o

.rodata         0x08004ed4      0xc40
                0x08004ed4                        . = ALIGN (0x4)
 *(.rodata)
 .rodata        0x08004ed4       0x39 ./Core/Src/can.o
 *fill*         0x08004f0d        0x3 
 .rodata        0x08004f10      0x4d1 ./Core/Src/device_configs.o
 *fill*         0x080053e1        0x3 
 .rodata        0x080053e4       0x41 ./Core/Src/error.o
 *fill*         0x08005425        0x3 
 .rodata        0x08005428       0x74 ./Core/Src/main.o
 .rodata        0x0800549c       0x2e ./Core/Src/ui.o
 *(.rodata*)
 *fill*         0x080054ca        0x2 
 .rodata.AHBPrescTable
                0x080054cc       0x10 ./Core/Src/system_stm32f4xx.o
                0x080054cc                AHBPrescTable
 .rodata.APBPrescTable
                0x080054dc        0x8 ./Core/Src/system_stm32f4xx.o
                0x080054dc                APBPrescTable
 .rodata.Font6x8
                0x080054e4      0x5f0 ./Drivers/OLED/ssd1306_fonts.o
 .rodata.Font_6x8
                0x08005ad4        0xc ./Drivers/OLED/ssd1306_fonts.o
                0x08005ad4                Font_6x8
 .rodata._svfprintf_r.str1.1
                0x08005ae0       0x11 E:/ST/STM32CubeIDE_1.16.1/STM32CubeIDE/plugins/com.st.stm32cube.ide.mcu.externaltools.gnu-tools-for-stm32.12.3.rel1.win32_1.0.200.202406191623/tools/bin/../lib/gcc/arm-none-eabi/12.3.1/../../../../arm-none-eabi/lib/thumb/v7e-m+fp/hard\libc_nano.a(libc_a-nano-svfprintf.o)
 .rodata._printf_i.str1.1
                0x08005af1       0x22 E:/ST/STM32CubeIDE_1.16.1/STM32CubeIDE/plugins/com.st.stm32cube.ide.mcu.externaltools.gnu-tools-for-stm32.12.3.rel1.win32_1.0.200.202406191623/tools/bin/../lib/gcc/arm-none-eabi/12.3.1/../../../../arm-none-eabi/lib/thumb/v7e-m+fp/hard\libc_nano.a(libc_a-nano-vfprintf_i.o)
                0x08005b14                        . = ALIGN (0x4)
 *fill*         0x08005b13        0x1 

.ARM.extab      0x08005b14        0x0
                0x08005b14                        . = ALIGN (0x4)
 *(.ARM.extab* .gnu.linkonce.armextab.*)
                0x08005b14                        . = ALIGN (0x4)

.ARM            0x08005b14        0x8
                0x08005b14                        . = ALIGN (0x4)
                0x08005b14                        __exidx_start = .
 *(.ARM.exidx*)
 .ARM.exidx     0x08005b14        0x8 E:/ST/STM32CubeIDE_1.16.1/STM32CubeIDE/plugins/com.st.stm32cube.ide.mcu.externaltools.gnu-tools-for-stm32.12.3.rel1.win32_1.0.200.202406191623/tools/bin/../lib/gcc/arm-none-eabi/12.3.1/../../../../arm-none-eabi/lib/thumb/v7e-m+fp/hard\libc_nano.a(libc_a-memchr.o)
 .ARM.exidx     0x08005b1c        0x0 E:/ST/STM32CubeIDE_1.16.1/STM32CubeIDE/plugins/com.st.stm32cube.ide.mcu.externaltools.gnu-tools-for-stm32.12.3.rel1.win32_1.0.200.202406191623/tools/bin/../lib/gcc/arm-none-eabi/12.3.1/thumb/v7e-m+fp/hard\libgcc.a(_udivmoddi4.o)
                                  0x8 (size before relaxing)
                0x08005b1c                        __exidx_end = .
                0x08005b1c                        . = ALIGN (0x4)

.preinit_array  0x08005b1c        0x0
                0x08005b1c                        . = ALIGN (0x4)
                0x08005b1c                        PROVIDE (__preinit_array_start = .)
 *(.preinit_array*)
                0x08005b1c                        PROVIDE (__preinit_array_end = .)
                0x08005b1c                        . = ALIGN (0x4)

.init_array     0x08005b1c        0x4
                0x08005b1c                        . = ALIGN (0x4)
                0x08005b1c                        PROVIDE (__init_array_start = .)
 *(SORT_BY_NAME(.init_array.*))
 *(.init_array*)
 .init_array    0x08005b1c        0x4 E:/ST/STM32CubeIDE_1.16.1/STM32CubeIDE/plugins/com.st.stm32cube.ide.mcu.externaltools.gnu-tools-for-stm32.12.3.rel1.win32_1.0.200.202406191623/tools/bin/../lib/gcc/arm-none-eabi/12.3.1/thumb/v7e-m+fp/hard/crtbegin.o
                0x08005b20                        PROVIDE (__init_array_end = .)
                0x08005b20                        . = ALIGN (0x4)

.fini_array     0x08005b20        0x4
                0x08005b20                        . = ALIGN (0x4)
                [!provide]                        PROVIDE (__fini_array_start = .)
 *(SORT_BY_NAME(.fini_array.*))
 *(.fini_array*)
 .fini_array    0x08005b20        0x4 E:/ST/STM32CubeIDE_1.16.1/STM32CubeIDE/plugins/com.st.stm32cube.ide.mcu.externaltools.gnu-tools-for-stm32.12.3.rel1.win32_1.0.200.202406191623/tools/bin/../lib/gcc/arm-none-eabi/12.3.1/thumb/v7e-m+fp/hard/crtbegin.o
                [!provide]                        PROVIDE (__fini_array_end = .)
                0x08005b24                        . = ALIGN (0x4)
                0x08005b24                        _sidata = LOADADDR (.data)

.rel.dyn        0x08005b24        0x0
 .rel.iplt      0x08005b24        0x0 E:/ST/STM32CubeIDE_1.16.1/STM32CubeIDE/plugins/com.st.stm32cube.ide.mcu.externaltools.gnu-tools-for-stm32.12.3.rel1.win32_1.0.200.202406191623/tools/bin/../lib/gcc/arm-none-eabi/12.3.1/thumb/v7e-m+fp/hard/crtbegin.o

.data           0x20000000      0x2a0 load address 0x08005b24
                0x20000000                        . = ALIGN (0x4)
                0x20000000                        _sdata = .
 *(.data)
 *(.data*)
 .data.bcm_pids
                0x20000000      0x114 ./Core/Src/device_configs.o
                0x20000000                bcm_pids
 .data.sccm_pids
                0x20000114       0x5c ./Core/Src/device_configs.o
                0x20000114                sccm_pids
 .data.can_devices
                0x20000170       0x20 ./Core/Src/device_configs.o
                0x20000170                can_devices
 .data.can_request_commands
                0x20000190       0xb4 ./Core/Src/device_configs.o
                0x20000190                can_request_commands
 .data.SystemCoreClock
                0x20000244        0x4 ./Core/Src/system_stm32f4xx.o
                0x20000244                SystemCoreClock
 .data.uwTickPrio
                0x20000248        0x4 ./Drivers/STM32F4xx_HAL_Driver/Src/stm32f4xx_hal.o
                0x20000248                uwTickPrio
 .data.uwTickFreq
                0x2000024c        0x1 ./Drivers/STM32F4xx_HAL_Driver/Src/stm32f4xx_hal.o
                0x2000024c                uwTickFreq
 *fill*         0x2000024d        0x3 
 .data._impure_ptr
                0x20000250        0x4 E:/ST/STM32CubeIDE_1.16.1/STM32CubeIDE/plugins/com.st.stm32cube.ide.mcu.externaltools.gnu-tools-for-stm32.12.3.rel1.win32_1.0.200.202406191623/tools/bin/../lib/gcc/arm-none-eabi/12.3.1/../../../../arm-none-eabi/lib/thumb/v7e-m+fp/hard\libc_nano.a(libc_a-impure.o)
                0x20000250                _impure_ptr
 .data._impure_data
                0x20000254       0x4c E:/ST/STM32CubeIDE_1.16.1/STM32CubeIDE/plugins/com.st.stm32cube.ide.mcu.externaltools.gnu-tools-for-stm32.12.3.rel1.win32_1.0.200.202406191623/tools/bin/../lib/gcc/arm-none-eabi/12.3.1/../../../../arm-none-eabi/lib/thumb/v7e-m+fp/hard\libc_nano.a(libc_a-impure.o)
                0x20000254                _impure_data
 *(.RamFunc)
 *(.RamFunc*)
                0x200002a0                        . = ALIGN (0x4)
                0x200002a0                        _edata = .

.igot.plt       0x200002a0        0x0 load address 0x08005dc4
 .igot.plt      0x200002a0        0x0 E:/ST/STM32CubeIDE_1.16.1/STM32CubeIDE/plugins/com.st.stm32cube.ide.mcu.externaltools.gnu-tools-for-stm32.12.3.rel1.win32_1.0.200.202406191623/tools/bin/../lib/gcc/arm-none-eabi/12.3.1/thumb/v7e-m+fp/hard/crtbegin.o
                0x200002a0                        . = ALIGN (0x4)

.bss            0x200002a0      0x7e8 load address 0x08005dc4
                0x200002a0                        _sbss = .
                0x200002a0                        __bss_start__ = _sbss
 *(.bss)
 .bss           0x200002a0       0x1c E:/ST/STM32CubeIDE_1.16.1/STM32CubeIDE/plugins/com.st.stm32cube.ide.mcu.externaltools.gnu-tools-for-stm32.12.3.rel1.win32_1.0.200.202406191623/tools/bin/../lib/gcc/arm-none-eabi/12.3.1/thumb/v7e-m+fp/hard/crtbegin.o
 *(.bss*)
 .bss.hcan1     0x200002bc       0x28 ./Core/Src/main.o
                0x200002bc                hcan1
 .bss.hi2c1     0x200002e4       0x54 ./Core/Src/main.o
                0x200002e4                hi2c1
 .bss.TxHeader  0x20000338       0x30 ./Core/Src/main.o
                0x20000338                TxHeader
 .bss.RxHeader  0x20000368       0x38 ./Core/Src/main.o
                0x20000368                RxHeader
 .bss.TxMailbox
                0x200003a0        0x8 ./Core/Src/main.o
                0x200003a0                TxMailbox
 .bss.RxData    0x200003a8       0x10 ./Core/Src/main.o
                0x200003a8                RxData
 .bss.TxData    0x200003b8       0x10 ./Core/Src/main.o
                0x200003b8                TxData
 .bss.tx_count  0x200003c8        0x8 ./Core/Src/main.o
                0x200003c8                tx_count
 .bss.rx_count  0x200003d0        0x8 ./Core/Src/main.o
                0x200003d0                rx_count
 .bss.screen_data
                0x200003d8       0xa8 ./Core/Src/main.o
                0x200003d8                screen_data
 .bss.screen_data_states
                0x20000480       0xa8 ./Core/Src/main.o
                0x20000480                screen_data_states
 .bss.screen_line
                0x20000528        0x1 ./Core/Src/main.o
                0x20000528                screen_line
 *fill*         0x20000529        0x3 
 .bss.last_can_request_time
                0x2000052c        0x4 ./Core/Src/main.o
                0x2000052c                last_can_request_time
 .bss.__sbrk_heap_end
                0x20000530        0x4 ./Core/Src/sysmem.o
 .bss.SSD1306_Buffer
                0x20000534      0x400 ./Drivers/OLED/ssd1306.o
 .bss.SSD1306   0x20000934        0x6 ./Drivers/OLED/ssd1306.o
 *fill*         0x2000093a        0x2 
 .bss.uwTick    0x2000093c        0x4 ./Drivers/STM32F4xx_HAL_Driver/Src/stm32f4xx_hal.o
                0x2000093c                uwTick
 .bss.__sf      0x20000940      0x138 E:/ST/STM32CubeIDE_1.16.1/STM32CubeIDE/plugins/com.st.stm32cube.ide.mcu.externaltools.gnu-tools-for-stm32.12.3.rel1.win32_1.0.200.202406191623/tools/bin/../lib/gcc/arm-none-eabi/12.3.1/../../../../arm-none-eabi/lib/thumb/v7e-m+fp/hard\libc_nano.a(libc_a-findfp.o)
                0x20000940                __sf
 .bss.errno     0x20000a78        0x4 E:/ST/STM32CubeIDE_1.16.1/STM32CubeIDE/plugins/com.st.stm32cube.ide.mcu.externaltools.gnu-tools-for-stm32.12.3.rel1.win32_1.0.200.202406191623/tools/bin/../lib/gcc/arm-none-eabi/12.3.1/../../../../arm-none-eabi/lib/thumb/v7e-m+fp/hard\libc_nano.a(libc_a-reent.o)
                0x20000a78                errno
 .bss.__lock___malloc_recursive_mutex
                0x20000a7c        0x1 E:/ST/STM32CubeIDE_1.16.1/STM32CubeIDE/plugins/com.st.stm32cube.ide.mcu.externaltools.gnu-tools-for-stm32.12.3.rel1.win32_1.0.200.202406191623/tools/bin/../lib/gcc/arm-none-eabi/12.3.1/../../../../arm-none-eabi/lib/thumb/v7e-m+fp/hard\libc_nano.a(libc_a-lock.o)
                0x20000a7c                __lock___malloc_recursive_mutex
 *fill*         0x20000a7d        0x3 
 .bss.__malloc_sbrk_start
                0x20000a80        0x4 E:/ST/STM32CubeIDE_1.16.1/STM32CubeIDE/plugins/com.st.stm32cube.ide.mcu.externaltools.gnu-tools-for-stm32.12.3.rel1.win32_1.0.200.202406191623/tools/bin/../lib/gcc/arm-none-eabi/12.3.1/../../../../arm-none-eabi/lib/thumb/v7e-m+fp/hard\libc_nano.a(libc_a-mallocr.o)
                0x20000a80                __malloc_sbrk_start
 .bss.__malloc_free_list
                0x20000a84        0x4 E:/ST/STM32CubeIDE_1.16.1/STM32CubeIDE/plugins/com.st.stm32cube.ide.mcu.externaltools.gnu-tools-for-stm32.12.3.rel1.win32_1.0.200.202406191623/tools/bin/../lib/gcc/arm-none-eabi/12.3.1/../../../../arm-none-eabi/lib/thumb/v7e-m+fp/hard\libc_nano.a(libc_a-mallocr.o)
                0x20000a84                __malloc_free_list
 *(COMMON)
                0x20000a88                        . = ALIGN (0x4)
                0x20000a88                        _ebss = .
                0x20000a88                        __bss_end__ = _ebss

._user_heap_stack
                0x20000a88      0x600 load address 0x08005dc4
                0x20000a88                        . = ALIGN (0x8)
                [!provide]                        PROVIDE (end = .)
                0x20000a88                        PROVIDE (_end = .)
                0x20000c88                        . = (. + _Min_Heap_Size)
 *fill*         0x20000a88      0x200 
                0x20001088                        . = (. + _Min_Stack_Size)
 *fill*         0x20000c88      0x400 
                0x20001088                        . = ALIGN (0x8)

/DISCARD/
 libc.a(*)
 libm.a(*)
 libgcc.a(*)

.ARM.attributes
                0x00000000       0x30
 *(.ARM.attributes)
 .ARM.attributes
                0x00000000       0x22 E:/ST/STM32CubeIDE_1.16.1/STM32CubeIDE/plugins/com.st.stm32cube.ide.mcu.externaltools.gnu-tools-for-stm32.12.3.rel1.win32_1.0.200.202406191623/tools/bin/../lib/gcc/arm-none-eabi/12.3.1/thumb/v7e-m+fp/hard/crti.o
 .ARM.attributes
                0x00000022       0x34 E:/ST/STM32CubeIDE_1.16.1/STM32CubeIDE/plugins/com.st.stm32cube.ide.mcu.externaltools.gnu-tools-for-stm32.12.3.rel1.win32_1.0.200.202406191623/tools/bin/../lib/gcc/arm-none-eabi/12.3.1/thumb/v7e-m+fp/hard/crtbegin.o
 .ARM.attributes
                0x00000056       0x34 ./Core/Src/can.o
 .ARM.attributes
                0x0000008a       0x34 ./Core/Src/device_configs.o
 .ARM.attributes
                0x000000be       0x34 ./Core/Src/error.o
 .ARM.attributes
                0x000000f2       0x34 ./Core/Src/main.o
 .ARM.attributes
                0x00000126       0x34 ./Core/Src/stm32f4xx_hal_msp.o
 .ARM.attributes
                0x0000015a       0x34 ./Core/Src/stm32f4xx_it.o
 .ARM.attributes
                0x0000018e       0x34 ./Core/Src/sysmem.o
 .ARM.attributes
                0x000001c2       0x34 ./Core/Src/system_stm32f4xx.o
 .ARM.attributes
                0x000001f6       0x34 ./Core/Src/ui.o
 .ARM.attributes
                0x0000022a       0x34 ./Core/Src/utils.o
 .ARM.attributes
                0x0000025e       0x21 ./Core/Startup/startup_stm32f446retx.o
 .ARM.attributes
                0x0000027f       0x34 ./Drivers/OLED/ssd1306.o
 .ARM.attributes
                0x000002b3       0x34 ./Drivers/OLED/ssd1306_fonts.o
 .ARM.attributes
                0x000002e7       0x34 ./Drivers/STM32F4xx_HAL_Driver/Src/stm32f4xx_hal.o
 .ARM.attributes
                0x0000031b       0x34 ./Drivers/STM32F4xx_HAL_Driver/Src/stm32f4xx_hal_can.o
 .ARM.attributes
                0x0000034f       0x34 ./Drivers/STM32F4xx_HAL_Driver/Src/stm32f4xx_hal_cortex.o
 .ARM.attributes
                0x00000383       0x34 ./Drivers/STM32F4xx_HAL_Driver/Src/stm32f4xx_hal_gpio.o
 .ARM.attributes
                0x000003b7       0x34 ./Drivers/STM32F4xx_HAL_Driver/Src/stm32f4xx_hal_i2c.o
 .ARM.attributes
                0x000003eb       0x34 ./Drivers/STM32F4xx_HAL_Driver/Src/stm32f4xx_hal_pwr_ex.o
 .ARM.attributes
                0x0000041f       0x34 ./Drivers/STM32F4xx_HAL_Driver/Src/stm32f4xx_hal_rcc.o
 .ARM.attributes
                0x00000453       0x34 ./Drivers/STM32F4xx_HAL_Driver/Src/stm32f4xx_hal_rcc_ex.o
 .ARM.attributes
                0x00000487       0x34 E:/ST/STM32CubeIDE_1.16.1/STM32CubeIDE/plugins/com.st.stm32cube.ide.mcu.externaltools.gnu-tools-for-stm32.12.3.rel1.win32_1.0.200.202406191623/tools/bin/../lib/gcc/arm-none-eabi/12.3.1/../../../../arm-none-eabi/lib/thumb/v7e-m+fp/hard\libc_nano.a(libc_a-findfp.o)
 .ARM.attributes
                0x000004bb       0x34 E:/ST/STM32CubeIDE_1.16.1/STM32CubeIDE/plugins/com.st.stm32cube.ide.mcu.externaltools.gnu-tools-for-stm32.12.3.rel1.win32_1.0.200.202406191623/tools/bin/../lib/gcc/arm-none-eabi/12.3.1/../../../../arm-none-eabi/lib/thumb/v7e-m+fp/hard\libc_nano.a(libc_a-snprintf.o)
 .ARM.attributes
                0x000004ef       0x34 E:/ST/STM32CubeIDE_1.16.1/STM32CubeIDE/plugins/com.st.stm32cube.ide.mcu.externaltools.gnu-tools-for-stm32.12.3.rel1.win32_1.0.200.202406191623/tools/bin/../lib/gcc/arm-none-eabi/12.3.1/../../../../arm-none-eabi/lib/thumb/v7e-m+fp/hard\libc_nano.a(libc_a-memset.o)
 .ARM.attributes
                0x00000523       0x34 E:/ST/STM32CubeIDE_1.16.1/STM32CubeIDE/plugins/com.st.stm32cube.ide.mcu.externaltools.gnu-tools-for-stm32.12.3.rel1.win32_1.0.200.202406191623/tools/bin/../lib/gcc/arm-none-eabi/12.3.1/../../../../arm-none-eabi/lib/thumb/v7e-m+fp/hard\libc_nano.a(libc_a-strncpy.o)
 .ARM.attributes
                0x00000557       0x34 E:/ST/STM32CubeIDE_1.16.1/STM32CubeIDE/plugins/com.st.stm32cube.ide.mcu.externaltools.gnu-tools-for-stm32.12.3.rel1.win32_1.0.200.202406191623/tools/bin/../lib/gcc/arm-none-eabi/12.3.1/../../../../arm-none-eabi/lib/thumb/v7e-m+fp/hard\libc_nano.a(libc_a-reent.o)
 .ARM.attributes
                0x0000058b       0x34 E:/ST/STM32CubeIDE_1.16.1/STM32CubeIDE/plugins/com.st.stm32cube.ide.mcu.externaltools.gnu-tools-for-stm32.12.3.rel1.win32_1.0.200.202406191623/tools/bin/../lib/gcc/arm-none-eabi/12.3.1/../../../../arm-none-eabi/lib/thumb/v7e-m+fp/hard\libc_nano.a(libc_a-impure.o)
 .ARM.attributes
                0x000005bf       0x34 E:/ST/STM32CubeIDE_1.16.1/STM32CubeIDE/plugins/com.st.stm32cube.ide.mcu.externaltools.gnu-tools-for-stm32.12.3.rel1.win32_1.0.200.202406191623/tools/bin/../lib/gcc/arm-none-eabi/12.3.1/../../../../arm-none-eabi/lib/thumb/v7e-m+fp/hard\libc_nano.a(libc_a-errno.o)
 .ARM.attributes
                0x000005f3       0x34 E:/ST/STM32CubeIDE_1.16.1/STM32CubeIDE/plugins/com.st.stm32cube.ide.mcu.externaltools.gnu-tools-for-stm32.12.3.rel1.win32_1.0.200.202406191623/tools/bin/../lib/gcc/arm-none-eabi/12.3.1/../../../../arm-none-eabi/lib/thumb/v7e-m+fp/hard\libc_nano.a(libc_a-init.o)
 .ARM.attributes
                0x00000627       0x34 E:/ST/STM32CubeIDE_1.16.1/STM32CubeIDE/plugins/com.st.stm32cube.ide.mcu.externaltools.gnu-tools-for-stm32.12.3.rel1.win32_1.0.200.202406191623/tools/bin/../lib/gcc/arm-none-eabi/12.3.1/../../../../arm-none-eabi/lib/thumb/v7e-m+fp/hard\libc_nano.a(libc_a-lock.o)
 .ARM.attributes
                0x0000065b       0x34 E:/ST/STM32CubeIDE_1.16.1/STM32CubeIDE/plugins/com.st.stm32cube.ide.mcu.externaltools.gnu-tools-for-stm32.12.3.rel1.win32_1.0.200.202406191623/tools/bin/../lib/gcc/arm-none-eabi/12.3.1/../../../../arm-none-eabi/lib/thumb/v7e-m+fp/hard\libc_nano.a(libc_a-strcpy.o)
 .ARM.attributes
                0x0000068f       0x34 E:/ST/STM32CubeIDE_1.16.1/STM32CubeIDE/plugins/com.st.stm32cube.ide.mcu.externaltools.gnu-tools-for-stm32.12.3.rel1.win32_1.0.200.202406191623/tools/bin/../lib/gcc/arm-none-eabi/12.3.1/../../../../arm-none-eabi/lib/thumb/v7e-m+fp/hard\libc_nano.a(libc_a-memcpy-stub.o)
 .ARM.attributes
                0x000006c3       0x34 E:/ST/STM32CubeIDE_1.16.1/STM32CubeIDE/plugins/com.st.stm32cube.ide.mcu.externaltools.gnu-tools-for-stm32.12.3.rel1.win32_1.0.200.202406191623/tools/bin/../lib/gcc/arm-none-eabi/12.3.1/../../../../arm-none-eabi/lib/thumb/v7e-m+fp/hard\libc_nano.a(libc_a-freer.o)
 .ARM.attributes
                0x000006f7       0x34 E:/ST/STM32CubeIDE_1.16.1/STM32CubeIDE/plugins/com.st.stm32cube.ide.mcu.externaltools.gnu-tools-for-stm32.12.3.rel1.win32_1.0.200.202406191623/tools/bin/../lib/gcc/arm-none-eabi/12.3.1/../../../../arm-none-eabi/lib/thumb/v7e-m+fp/hard\libc_nano.a(libc_a-mallocr.o)
 .ARM.attributes
                0x0000072b       0x34 E:/ST/STM32CubeIDE_1.16.1/STM32CubeIDE/plugins/com.st.stm32cube.ide.mcu.externaltools.gnu-tools-for-stm32.12.3.rel1.win32_1.0.200.202406191623/tools/bin/../lib/gcc/arm-none-eabi/12.3.1/../../../../arm-none-eabi/lib/thumb/v7e-m+fp/hard\libc_nano.a(libc_a-mlock.o)
 .ARM.attributes
                0x0000075f       0x34 E:/ST/STM32CubeIDE_1.16.1/STM32CubeIDE/plugins/com.st.stm32cube.ide.mcu.externaltools.gnu-tools-for-stm32.12.3.rel1.win32_1.0.200.202406191623/tools/bin/../lib/gcc/arm-none-eabi/12.3.1/../../../../arm-none-eabi/lib/thumb/v7e-m+fp/hard\libc_nano.a(libc_a-nano-svfprintf.o)
 .ARM.attributes
                0x00000793       0x34 E:/ST/STM32CubeIDE_1.16.1/STM32CubeIDE/plugins/com.st.stm32cube.ide.mcu.externaltools.gnu-tools-for-stm32.12.3.rel1.win32_1.0.200.202406191623/tools/bin/../lib/gcc/arm-none-eabi/12.3.1/../../../../arm-none-eabi/lib/thumb/v7e-m+fp/hard\libc_nano.a(libc_a-nano-vfprintf_i.o)
 .ARM.attributes
                0x000007c7       0x34 E:/ST/STM32CubeIDE_1.16.1/STM32CubeIDE/plugins/com.st.stm32cube.ide.mcu.externaltools.gnu-tools-for-stm32.12.3.rel1.win32_1.0.200.202406191623/tools/bin/../lib/gcc/arm-none-eabi/12.3.1/../../../../arm-none-eabi/lib/thumb/v7e-m+fp/hard\libc_nano.a(libc_a-memmove.o)
 .ARM.attributes
                0x000007fb       0x34 E:/ST/STM32CubeIDE_1.16.1/STM32CubeIDE/plugins/com.st.stm32cube.ide.mcu.externaltools.gnu-tools-for-stm32.12.3.rel1.win32_1.0.200.202406191623/tools/bin/../lib/gcc/arm-none-eabi/12.3.1/../../../../arm-none-eabi/lib/thumb/v7e-m+fp/hard\libc_nano.a(libc_a-sbrkr.o)
 .ARM.attributes
                0x0000082f       0x1c E:/ST/STM32CubeIDE_1.16.1/STM32CubeIDE/plugins/com.st.stm32cube.ide.mcu.externaltools.gnu-tools-for-stm32.12.3.rel1.win32_1.0.200.202406191623/tools/bin/../lib/gcc/arm-none-eabi/12.3.1/../../../../arm-none-eabi/lib/thumb/v7e-m+fp/hard\libc_nano.a(libc_a-memchr.o)
 .ARM.attributes
                0x0000084b       0x34 E:/ST/STM32CubeIDE_1.16.1/STM32CubeIDE/plugins/com.st.stm32cube.ide.mcu.externaltools.gnu-tools-for-stm32.12.3.rel1.win32_1.0.200.202406191623/tools/bin/../lib/gcc/arm-none-eabi/12.3.1/../../../../arm-none-eabi/lib/thumb/v7e-m+fp/hard\libc_nano.a(libc_a-reallocr.o)
 .ARM.attributes
                0x0000087f       0x34 E:/ST/STM32CubeIDE_1.16.1/STM32CubeIDE/plugins/com.st.stm32cube.ide.mcu.externaltools.gnu-tools-for-stm32.12.3.rel1.win32_1.0.200.202406191623/tools/bin/../lib/gcc/arm-none-eabi/12.3.1/../../../../arm-none-eabi/lib/thumb/v7e-m+fp/hard\libc_nano.a(libc_a-msizer.o)
 .ARM.attributes
                0x000008b3       0x22 E:/ST/STM32CubeIDE_1.16.1/STM32CubeIDE/plugins/com.st.stm32cube.ide.mcu.externaltools.gnu-tools-for-stm32.12.3.rel1.win32_1.0.200.202406191623/tools/bin/../lib/gcc/arm-none-eabi/12.3.1/thumb/v7e-m+fp/hard\libgcc.a(_aeabi_uldivmod.o)
 .ARM.attributes
                0x000008d5       0x34 E:/ST/STM32CubeIDE_1.16.1/STM32CubeIDE/plugins/com.st.stm32cube.ide.mcu.externaltools.gnu-tools-for-stm32.12.3.rel1.win32_1.0.200.202406191623/tools/bin/../lib/gcc/arm-none-eabi/12.3.1/thumb/v7e-m+fp/hard\libgcc.a(_udivmoddi4.o)
 .ARM.attributes
                0x00000909       0x22 E:/ST/STM32CubeIDE_1.16.1/STM32CubeIDE/plugins/com.st.stm32cube.ide.mcu.externaltools.gnu-tools-for-stm32.12.3.rel1.win32_1.0.200.202406191623/tools/bin/../lib/gcc/arm-none-eabi/12.3.1/thumb/v7e-m+fp/hard\libgcc.a(_dvmd_tls.o)
 .ARM.attributes
                0x0000092b       0x22 E:/ST/STM32CubeIDE_1.16.1/STM32CubeIDE/plugins/com.st.stm32cube.ide.mcu.externaltools.gnu-tools-for-stm32.12.3.rel1.win32_1.0.200.202406191623/tools/bin/../lib/gcc/arm-none-eabi/12.3.1/thumb/v7e-m+fp/hard/crtn.o
OUTPUT(STM32_Ford_Superduty_CAN_Bus_Gateway.elf elf32-littlearm)
LOAD linker stubs
LOAD E:/ST/STM32CubeIDE_1.16.1/STM32CubeIDE/plugins/com.st.stm32cube.ide.mcu.externaltools.gnu-tools-for-stm32.12.3.rel1.win32_1.0.200.202406191623/tools/bin/../lib/gcc/arm-none-eabi/12.3.1/../../../../arm-none-eabi/lib/thumb/v7e-m+fp/hard\libc.a
LOAD E:/ST/STM32CubeIDE_1.16.1/STM32CubeIDE/plugins/com.st.stm32cube.ide.mcu.externaltools.gnu-tools-for-stm32.12.3.rel1.win32_1.0.200.202406191623/tools/bin/../lib/gcc/arm-none-eabi/12.3.1/../../../../arm-none-eabi/lib/thumb/v7e-m+fp/hard\libm.a
LOAD E:/ST/STM32CubeIDE_1.16.1/STM32CubeIDE/plugins/com.st.stm32cube.ide.mcu.externaltools.gnu-tools-for-stm32.12.3.rel1.win32_1.0.200.202406191623/tools/bin/../lib/gcc/arm-none-eabi/12.3.1/thumb/v7e-m+fp/hard\libgcc.a

.debug_info     0x00000000     0xca96
 .debug_info    0x00000000      0xd1a ./Core/Src/can.o
 .debug_info    0x00000d1a      0x390 ./Core/Src/device_configs.o
 .debug_info    0x000010aa      0x1a9 ./Core/Src/error.o
 .debug_info    0x00001253     0x1526 ./Core/Src/main.o
 .debug_info    0x00002779     0x107f ./Core/Src/stm32f4xx_hal_msp.o
 .debug_info    0x000037f8      0x51b ./Core/Src/stm32f4xx_it.o
 .debug_info    0x00003d13      0x168 ./Core/Src/sysmem.o
 .debug_info    0x00003e7b      0x54a ./Core/Src/system_stm32f4xx.o
 .debug_info    0x000043c5      0x543 ./Core/Src/ui.o
 .debug_info    0x00004908      0x16a ./Core/Src/utils.o
 .debug_info    0x00004a72       0x30 ./Core/Startup/startup_stm32f446retx.o
 .debug_info    0x00004aa2     0x1281 ./Drivers/OLED/ssd1306.o
 .debug_info    0x00005d23      0x2a4 ./Drivers/OLED/ssd1306_fonts.o
 .debug_info    0x00005fc7      0x99a ./Drivers/STM32F4xx_HAL_Driver/Src/stm32f4xx_hal.o
 .debug_info    0x00006961      0xf44 ./Drivers/STM32F4xx_HAL_Driver/Src/stm32f4xx_hal_can.o
 .debug_info    0x000078a5      0xdaa ./Drivers/STM32F4xx_HAL_Driver/Src/stm32f4xx_hal_cortex.o
 .debug_info    0x0000864f      0x70b ./Drivers/STM32F4xx_HAL_Driver/Src/stm32f4xx_hal_gpio.o
 .debug_info    0x00008d5a     0x2421 ./Drivers/STM32F4xx_HAL_Driver/Src/stm32f4xx_hal_i2c.o
 .debug_info    0x0000b17b      0x6da ./Drivers/STM32F4xx_HAL_Driver/Src/stm32f4xx_hal_pwr_ex.o
 .debug_info    0x0000b855      0x8eb ./Drivers/STM32F4xx_HAL_Driver/Src/stm32f4xx_hal_rcc.o
 .debug_info    0x0000c140      0x956 ./Drivers/STM32F4xx_HAL_Driver/Src/stm32f4xx_hal_rcc_ex.o

.debug_abbrev   0x00000000     0x2596
 .debug_abbrev  0x00000000      0x264 ./Core/Src/can.o
 .debug_abbrev  0x00000264       0xd0 ./Core/Src/device_configs.o
 .debug_abbrev  0x00000334      0x121 ./Core/Src/error.o
 .debug_abbrev  0x00000455      0x2d7 ./Core/Src/main.o
 .debug_abbrev  0x0000072c      0x1f4 ./Core/Src/stm32f4xx_hal_msp.o
 .debug_abbrev  0x00000920      0x190 ./Core/Src/stm32f4xx_it.o
 .debug_abbrev  0x00000ab0       0xbc ./Core/Src/sysmem.o
 .debug_abbrev  0x00000b6c      0x11a ./Core/Src/system_stm32f4xx.o
 .debug_abbrev  0x00000c86      0x1a5 ./Core/Src/ui.o
 .debug_abbrev  0x00000e2b       0x85 ./Core/Src/utils.o
 .debug_abbrev  0x00000eb0       0x24 ./Core/Startup/startup_stm32f446retx.o
 .debug_abbrev  0x00000ed4      0x357 ./Drivers/OLED/ssd1306.o
 .debug_abbrev  0x0000122b       0xcf ./Drivers/OLED/ssd1306_fonts.o
 .debug_abbrev  0x000012fa      0x214 ./Drivers/STM32F4xx_HAL_Driver/Src/stm32f4xx_hal.o
 .debug_abbrev  0x0000150e      0x25a ./Drivers/STM32F4xx_HAL_Driver/Src/stm32f4xx_hal_can.o
 .debug_abbrev  0x00001768      0x31d ./Drivers/STM32F4xx_HAL_Driver/Src/stm32f4xx_hal_cortex.o
 .debug_abbrev  0x00001a85      0x1d4 ./Drivers/STM32F4xx_HAL_Driver/Src/stm32f4xx_hal_gpio.o
 .debug_abbrev  0x00001c59      0x2ad ./Drivers/STM32F4xx_HAL_Driver/Src/stm32f4xx_hal_i2c.o
 .debug_abbrev  0x00001f06      0x1cf ./Drivers/STM32F4xx_HAL_Driver/Src/stm32f4xx_hal_pwr_ex.o
 .debug_abbrev  0x000020d5      0x2b7 ./Drivers/STM32F4xx_HAL_Driver/Src/stm32f4xx_hal_rcc.o
 .debug_abbrev  0x0000238c      0x20a ./Drivers/STM32F4xx_HAL_Driver/Src/stm32f4xx_hal_rcc_ex.o

.debug_aranges  0x00000000      0xb28
 .debug_aranges
                0x00000000       0x58 ./Core/Src/can.o
 .debug_aranges
                0x00000058       0x18 ./Core/Src/device_configs.o
 .debug_aranges
                0x00000070       0x20 ./Core/Src/error.o
 .debug_aranges
                0x00000090       0x50 ./Core/Src/main.o
 .debug_aranges
                0x000000e0       0x40 ./Core/Src/stm32f4xx_hal_msp.o
 .debug_aranges
                0x00000120       0x70 ./Core/Src/stm32f4xx_it.o
 .debug_aranges
                0x00000190       0x20 ./Core/Src/sysmem.o
 .debug_aranges
                0x000001b0       0x28 ./Core/Src/system_stm32f4xx.o
 .debug_aranges
                0x000001d8       0x40 ./Core/Src/ui.o
 .debug_aranges
                0x00000218       0x30 ./Core/Src/utils.o
 .debug_aranges
                0x00000248       0x28 ./Core/Startup/startup_stm32f446retx.o
 .debug_aranges
                0x00000270       0xe8 ./Drivers/OLED/ssd1306.o
 .debug_aranges
                0x00000358       0x18 ./Drivers/OLED/ssd1306_fonts.o
 .debug_aranges
                0x00000370       0xf0 ./Drivers/STM32F4xx_HAL_Driver/Src/stm32f4xx_hal.o
 .debug_aranges
                0x00000460      0x138 ./Drivers/STM32F4xx_HAL_Driver/Src/stm32f4xx_hal_can.o
 .debug_aranges
                0x00000598      0x130 ./Drivers/STM32F4xx_HAL_Driver/Src/stm32f4xx_hal_cortex.o
 .debug_aranges
                0x000006c8       0x58 ./Drivers/STM32F4xx_HAL_Driver/Src/stm32f4xx_hal_gpio.o
 .debug_aranges
                0x00000720      0x2a8 ./Drivers/STM32F4xx_HAL_Driver/Src/stm32f4xx_hal_i2c.o
 .debug_aranges
                0x000009c8       0x60 ./Drivers/STM32F4xx_HAL_Driver/Src/stm32f4xx_hal_pwr_ex.o
 .debug_aranges
                0x00000a28       0x88 ./Drivers/STM32F4xx_HAL_Driver/Src/stm32f4xx_hal_rcc.o
 .debug_aranges
                0x00000ab0       0x78 ./Drivers/STM32F4xx_HAL_Driver/Src/stm32f4xx_hal_rcc_ex.o

.debug_rnglists
                0x00000000      0x855
 .debug_rnglists
                0x00000000       0x41 ./Core/Src/can.o
 .debug_rnglists
                0x00000041       0x14 ./Core/Src/error.o
 .debug_rnglists
                0x00000055       0x3c ./Core/Src/main.o
 .debug_rnglists
                0x00000091       0x2d ./Core/Src/stm32f4xx_hal_msp.o
 .debug_rnglists
                0x000000be       0x4f ./Core/Src/stm32f4xx_it.o
 .debug_rnglists
                0x0000010d       0x13 ./Core/Src/sysmem.o
 .debug_rnglists
                0x00000120       0x1a ./Core/Src/system_stm32f4xx.o
 .debug_rnglists
                0x0000013a       0x2c ./Core/Src/ui.o
 .debug_rnglists
                0x00000166       0x1f ./Core/Src/utils.o
 .debug_rnglists
                0x00000185       0x19 ./Core/Startup/startup_stm32f446retx.o
 .debug_rnglists
                0x0000019e       0xb4 ./Drivers/OLED/ssd1306.o
 .debug_rnglists
                0x00000252       0xaf ./Drivers/STM32F4xx_HAL_Driver/Src/stm32f4xx_hal.o
 .debug_rnglists
                0x00000301       0xee ./Drivers/STM32F4xx_HAL_Driver/Src/stm32f4xx_hal_can.o
 .debug_rnglists
                0x000003ef       0xe0 ./Drivers/STM32F4xx_HAL_Driver/Src/stm32f4xx_hal_cortex.o
 .debug_rnglists
                0x000004cf       0x3f ./Drivers/STM32F4xx_HAL_Driver/Src/stm32f4xx_hal_gpio.o
 .debug_rnglists
                0x0000050e      0x23c ./Drivers/STM32F4xx_HAL_Driver/Src/stm32f4xx_hal_i2c.o
 .debug_rnglists
                0x0000074a       0x47 ./Drivers/STM32F4xx_HAL_Driver/Src/stm32f4xx_hal_pwr_ex.o
 .debug_rnglists
                0x00000791       0x66 ./Drivers/STM32F4xx_HAL_Driver/Src/stm32f4xx_hal_rcc.o
 .debug_rnglists
                0x000007f7       0x5e ./Drivers/STM32F4xx_HAL_Driver/Src/stm32f4xx_hal_rcc_ex.o

.debug_macro    0x00000000    0x22f3e
 .debug_macro   0x00000000      0x339 ./Core/Src/can.o
 .debug_macro   0x00000339      0xab4 ./Core/Src/can.o
 .debug_macro   0x00000ded       0x22 ./Core/Src/can.o
 .debug_macro   0x00000e0f       0x8e ./Core/Src/can.o
 .debug_macro   0x00000e9d       0x51 ./Core/Src/can.o
 .debug_macro   0x00000eee      0x103 ./Core/Src/can.o
 .debug_macro   0x00000ff1       0x6a ./Core/Src/can.o
 .debug_macro   0x0000105b      0x1df ./Core/Src/can.o
 .debug_macro   0x0000123a       0x22 ./Core/Src/can.o
 .debug_macro   0x0000125c       0x35 ./Core/Src/can.o
 .debug_macro   0x00001291       0x61 ./Core/Src/can.o
 .debug_macro   0x000012f2       0x2a ./Core/Src/can.o
 .debug_macro   0x0000131c       0x43 ./Core/Src/can.o
 .debug_macro   0x0000135f       0x34 ./Core/Src/can.o
 .debug_macro   0x00001393      0x189 ./Core/Src/can.o
 .debug_macro   0x0000151c       0x16 ./Core/Src/can.o
 .debug_macro   0x00001532       0x43 ./Core/Src/can.o
 .debug_macro   0x00001575       0x34 ./Core/Src/can.o
 .debug_macro   0x000015a9       0x10 ./Core/Src/can.o
 .debug_macro   0x000015b9       0x58 ./Core/Src/can.o
 .debug_macro   0x00001611       0x8e ./Core/Src/can.o
 .debug_macro   0x0000169f       0x1c ./Core/Src/can.o
 .debug_macro   0x000016bb      0x177 ./Core/Src/can.o
 .debug_macro   0x00001832      0x369 ./Core/Src/can.o
 .debug_macro   0x00001b9b       0x10 ./Core/Src/can.o
 .debug_macro   0x00001bab       0x35 ./Core/Src/can.o
 .debug_macro   0x00001be0       0x20 ./Core/Src/can.o
 .debug_macro   0x00001c00       0x1c ./Core/Src/can.o
 .debug_macro   0x00001c1c       0x10 ./Core/Src/can.o
 .debug_macro   0x00001c2c       0x1c ./Core/Src/can.o
 .debug_macro   0x00001c48       0x16 ./Core/Src/can.o
 .debug_macro   0x00001c5e      0x146 ./Core/Src/can.o
 .debug_macro   0x00001da4      0x29b ./Core/Src/can.o
 .debug_macro   0x0000203f       0x2e ./Core/Src/can.o
 .debug_macro   0x0000206d       0x28 ./Core/Src/can.o
 .debug_macro   0x00002095       0x1c ./Core/Src/can.o
 .debug_macro   0x000020b1       0x22 ./Core/Src/can.o
 .debug_macro   0x000020d3       0xfb ./Core/Src/can.o
 .debug_macro   0x000021ce     0x1011 ./Core/Src/can.o
 .debug_macro   0x000031df      0x11f ./Core/Src/can.o
 .debug_macro   0x000032fe    0x16749 ./Core/Src/can.o
 .debug_macro   0x00019a47       0x6d ./Core/Src/can.o
 .debug_macro   0x00019ab4     0x369a ./Core/Src/can.o
 .debug_macro   0x0001d14e       0x56 ./Core/Src/can.o
 .debug_macro   0x0001d1a4      0xca5 ./Core/Src/can.o
 .debug_macro   0x0001de49      0x9e9 ./Core/Src/can.o
 .debug_macro   0x0001e832      0x115 ./Core/Src/can.o
 .debug_macro   0x0001e947      0x1a0 ./Core/Src/can.o
 .debug_macro   0x0001eae7       0xa5 ./Core/Src/can.o
 .debug_macro   0x0001eb8c      0x16d ./Core/Src/can.o
 .debug_macro   0x0001ecf9      0x287 ./Core/Src/can.o
 .debug_macro   0x0001ef80       0x5f ./Core/Src/can.o
 .debug_macro   0x0001efdf      0x236 ./Core/Src/can.o
 .debug_macro   0x0001f215      0x40f ./Core/Src/can.o
 .debug_macro   0x0001f624      0x132 ./Core/Src/can.o
 .debug_macro   0x0001f756      0x29c ./Core/Src/can.o
 .debug_macro   0x0001f9f2       0x2e ./Core/Src/can.o
 .debug_macro   0x0001fa20      0x1b5 ./Core/Src/can.o
 .debug_macro   0x0001fbd5       0x22 ./Core/Src/can.o
 .debug_macro   0x0001fbf7       0xd6 ./Core/Src/can.o
 .debug_macro   0x0001fccd      0x127 ./Core/Src/can.o
 .debug_macro   0x0001fdf4       0xe8 ./Core/Src/can.o
 .debug_macro   0x0001fedc       0x89 ./Core/Src/can.o
 .debug_macro   0x0001ff65      0x126 ./Core/Src/can.o
 .debug_macro   0x0002008b       0x52 ./Core/Src/can.o
 .debug_macro   0x000200dd       0x40 ./Core/Src/can.o
 .debug_macro   0x0002011d       0x58 ./Core/Src/can.o
 .debug_macro   0x00020175       0x10 ./Core/Src/can.o
 .debug_macro   0x00020185       0x7b ./Core/Src/device_configs.o
 .debug_macro   0x00020200      0x32b ./Core/Src/error.o
 .debug_macro   0x0002052b      0x359 ./Core/Src/main.o
 .debug_macro   0x00020884       0x5c ./Core/Src/main.o
 .debug_macro   0x000208e0      0x22e ./Core/Src/stm32f4xx_hal_msp.o
 .debug_macro   0x00020b0e      0x238 ./Core/Src/stm32f4xx_it.o
 .debug_macro   0x00020d46       0xff ./Core/Src/sysmem.o
 .debug_macro   0x00020e45      0x23c ./Core/Src/sysmem.o
 .debug_macro   0x00021081      0x1d3 ./Core/Src/system_stm32f4xx.o
 .debug_macro   0x00021254      0x33e ./Core/Src/ui.o
 .debug_macro   0x00021592      0x140 ./Core/Src/utils.o
 .debug_macro   0x000216d2       0x16 ./Core/Src/utils.o
 .debug_macro   0x000216e8       0x9e ./Core/Src/utils.o
 .debug_macro   0x00021786      0x10b ./Core/Src/utils.o
 .debug_macro   0x00021891       0x16 ./Core/Src/utils.o
 .debug_macro   0x000218a7      0x2fe ./Drivers/OLED/ssd1306.o
 .debug_macro   0x00021ba5       0x28 ./Drivers/OLED/ssd1306.o
 .debug_macro   0x00021bcd      0x19b ./Drivers/OLED/ssd1306.o
 .debug_macro   0x00021d68       0x16 ./Drivers/OLED/ssd1306.o
 .debug_macro   0x00021d7e      0x229 ./Drivers/OLED/ssd1306_fonts.o
 .debug_macro   0x00021fa7      0x233 ./Drivers/STM32F4xx_HAL_Driver/Src/stm32f4xx_hal.o
 .debug_macro   0x000221da      0x1e2 ./Drivers/STM32F4xx_HAL_Driver/Src/stm32f4xx_hal_can.o
 .debug_macro   0x000223bc      0x1d3 ./Drivers/STM32F4xx_HAL_Driver/Src/stm32f4xx_hal_cortex.o
 .debug_macro   0x0002258f      0x1d9 ./Drivers/STM32F4xx_HAL_Driver/Src/stm32f4xx_hal_gpio.o
 .debug_macro   0x00022768      0x221 ./Drivers/STM32F4xx_HAL_Driver/Src/stm32f4xx_hal_i2c.o
 .debug_macro   0x00022989      0x1eb ./Drivers/STM32F4xx_HAL_Driver/Src/stm32f4xx_hal_pwr_ex.o
 .debug_macro   0x00022b74      0x1f7 ./Drivers/STM32F4xx_HAL_Driver/Src/stm32f4xx_hal_rcc.o
 .debug_macro   0x00022d6b      0x1d3 ./Drivers/STM32F4xx_HAL_Driver/Src/stm32f4xx_hal_rcc_ex.o

.debug_line     0x00000000    0x10ab0
 .debug_line    0x00000000      0xbbe ./Core/Src/can.o
 .debug_line    0x00000bbe      0x431 ./Core/Src/device_configs.o
 .debug_line    0x00000fef      0x956 ./Core/Src/error.o
 .debug_line    0x00001945      0xb4c ./Core/Src/main.o
 .debug_line    0x00002491      0x90b ./Core/Src/stm32f4xx_hal_msp.o
 .debug_line    0x00002d9c      0x95c ./Core/Src/stm32f4xx_it.o
 .debug_line    0x000036f8      0x583 ./Core/Src/sysmem.o
 .debug_line    0x00003c7b      0x7d2 ./Core/Src/system_stm32f4xx.o
 .debug_line    0x0000444d      0xa69 ./Core/Src/ui.o
 .debug_line    0x00004eb6      0x5ab ./Core/Src/utils.o
 .debug_line    0x00005461       0x7a ./Core/Startup/startup_stm32f446retx.o
 .debug_line    0x000054db     0x118d ./Drivers/OLED/ssd1306.o
 .debug_line    0x00006668      0x84a ./Drivers/OLED/ssd1306_fonts.o
 .debug_line    0x00006eb2      0xa3b ./Drivers/STM32F4xx_HAL_Driver/Src/stm32f4xx_hal.o
 .debug_line    0x000078ed     0x11ea ./Drivers/STM32F4xx_HAL_Driver/Src/stm32f4xx_hal_can.o
 .debug_line    0x00008ad7      0xd2d ./Drivers/STM32F4xx_HAL_Driver/Src/stm32f4xx_hal_cortex.o
 .debug_line    0x00009804      0xbb3 ./Drivers/STM32F4xx_HAL_Driver/Src/stm32f4xx_hal_gpio.o
 .debug_line    0x0000a3b7     0x3b81 ./Drivers/STM32F4xx_HAL_Driver/Src/stm32f4xx_hal_i2c.o
 .debug_line    0x0000df38      0x964 ./Drivers/STM32F4xx_HAL_Driver/Src/stm32f4xx_hal_pwr_ex.o
 .debug_line    0x0000e89c      0xdd2 ./Drivers/STM32F4xx_HAL_Driver/Src/stm32f4xx_hal_rcc.o
 .debug_line    0x0000f66e     0x1442 ./Drivers/STM32F4xx_HAL_Driver/Src/stm32f4xx_hal_rcc_ex.o

.debug_str      0x00000000    0xcca93
 .debug_str     0x00000000    0xc83fe ./Core/Src/can.o
                              0xc8743 (size before relaxing)
 .debug_str     0x000c83fe       0xb6 ./Core/Src/device_configs.o
                               0x3ff9 (size before relaxing)
 .debug_str     0x000c84b4       0x5b ./Core/Src/error.o
                              0xc7f8d (size before relaxing)
 .debug_str     0x000c850f      0xa07 ./Core/Src/main.o
                              0xc8ce8 (size before relaxing)
 .debug_str     0x000c8f16      0x5cd ./Core/Src/stm32f4xx_hal_msp.o
                              0xc57df (size before relaxing)
 .debug_str     0x000c94e3      0x103 ./Core/Src/stm32f4xx_it.o
                              0xc4cb4 (size before relaxing)
 .debug_str     0x000c95e6      0x4dc ./Core/Src/sysmem.o
                               0x60bf (size before relaxing)
 .debug_str     0x000c9ac2       0xdb ./Core/Src/system_stm32f4xx.o
                              0xc43f9 (size before relaxing)
 .debug_str     0x000c9b9d      0x16c ./Core/Src/ui.o
                              0xc8194 (size before relaxing)
 .debug_str     0x000c9d09       0x37 ./Core/Src/utils.o
                               0x7804 (size before relaxing)
 .debug_str     0x000c9d40       0x44 ./Core/Startup/startup_stm32f446retx.o
                                 0x72 (size before relaxing)
 .debug_str     0x000c9d84      0xc85 ./Drivers/OLED/ssd1306.o
                              0xc885a (size before relaxing)
 .debug_str     0x000caa09       0x8f ./Drivers/OLED/ssd1306_fonts.o
                              0xc4858 (size before relaxing)
 .debug_str     0x000caa98      0x5fc ./Drivers/STM32F4xx_HAL_Driver/Src/stm32f4xx_hal.o
                              0xc4fbe (size before relaxing)
 .debug_str     0x000cb094      0x3ed ./Drivers/STM32F4xx_HAL_Driver/Src/stm32f4xx_hal_can.o
                              0xc4ace (size before relaxing)
 .debug_str     0x000cb481      0x361 ./Drivers/STM32F4xx_HAL_Driver/Src/stm32f4xx_hal_cortex.o
                              0xc4d15 (size before relaxing)
 .debug_str     0x000cb7e2      0x10e ./Drivers/STM32F4xx_HAL_Driver/Src/stm32f4xx_hal_gpio.o
                              0xc4574 (size before relaxing)
 .debug_str     0x000cb8f0      0xb4a ./Drivers/STM32F4xx_HAL_Driver/Src/stm32f4xx_hal_i2c.o
                              0xc53f7 (size before relaxing)
 .debug_str     0x000cc43a      0x135 ./Drivers/STM32F4xx_HAL_Driver/Src/stm32f4xx_hal_pwr_ex.o
                              0xc45d1 (size before relaxing)
 .debug_str     0x000cc56f      0x208 ./Drivers/STM32F4xx_HAL_Driver/Src/stm32f4xx_hal_rcc.o
                              0xc4832 (size before relaxing)
 .debug_str     0x000cc777      0x31c ./Drivers/STM32F4xx_HAL_Driver/Src/stm32f4xx_hal_rcc_ex.o
                              0xc4865 (size before relaxing)

.comment        0x00000000       0x43
 .comment       0x00000000       0x43 ./Core/Src/can.o
                                 0x44 (size before relaxing)
 .comment       0x00000043       0x44 ./Core/Src/device_configs.o
 .comment       0x00000043       0x44 ./Core/Src/error.o
 .comment       0x00000043       0x44 ./Core/Src/main.o
 .comment       0x00000043       0x44 ./Core/Src/stm32f4xx_hal_msp.o
 .comment       0x00000043       0x44 ./Core/Src/stm32f4xx_it.o
 .comment       0x00000043       0x44 ./Core/Src/sysmem.o
 .comment       0x00000043       0x44 ./Core/Src/system_stm32f4xx.o
 .comment       0x00000043       0x44 ./Core/Src/ui.o
 .comment       0x00000043       0x44 ./Core/Src/utils.o
 .comment       0x00000043       0x44 ./Drivers/OLED/ssd1306.o
 .comment       0x00000043       0x44 ./Drivers/OLED/ssd1306_fonts.o
 .comment       0x00000043       0x44 ./Drivers/STM32F4xx_HAL_Driver/Src/stm32f4xx_hal.o
 .comment       0x00000043       0x44 ./Drivers/STM32F4xx_HAL_Driver/Src/stm32f4xx_hal_can.o
 .comment       0x00000043       0x44 ./Drivers/STM32F4xx_HAL_Driver/Src/stm32f4xx_hal_cortex.o
 .comment       0x00000043       0x44 ./Drivers/STM32F4xx_HAL_Driver/Src/stm32f4xx_hal_gpio.o
 .comment       0x00000043       0x44 ./Drivers/STM32F4xx_HAL_Driver/Src/stm32f4xx_hal_i2c.o
 .comment       0x00000043       0x44 ./Drivers/STM32F4xx_HAL_Driver/Src/stm32f4xx_hal_pwr_ex.o
 .comment       0x00000043       0x44 ./Drivers/STM32F4xx_HAL_Driver/Src/stm32f4xx_hal_rcc.o
 .comment       0x00000043       0x44 ./Drivers/STM32F4xx_HAL_Driver/Src/stm32f4xx_hal_rcc_ex.o

.debug_frame    0x00000000     0x31a8
 .debug_frame   0x00000000      0x160 ./Core/Src/can.o
 .debug_frame   0x00000160       0x38 ./Core/Src/error.o
 .debug_frame   0x00000198       0xfc ./Core/Src/main.o
 .debug_frame   0x00000294       0xc8 ./Core/Src/stm32f4xx_hal_msp.o
 .debug_frame   0x0000035c      0x13c ./Core/Src/stm32f4xx_it.o
 .debug_frame   0x00000498       0x34 ./Core/Src/sysmem.o
 .debug_frame   0x000004cc       0x58 ./Core/Src/system_stm32f4xx.o
 .debug_frame   0x00000524       0xc4 ./Core/Src/ui.o
 .debug_frame   0x000005e8       0x8c ./Core/Src/utils.o
 .debug_frame   0x00000674      0x3e4 ./Drivers/OLED/ssd1306.o
 .debug_frame   0x00000a58      0x374 ./Drivers/STM32F4xx_HAL_Driver/Src/stm32f4xx_hal.o
 .debug_frame   0x00000dcc      0x5a0 ./Drivers/STM32F4xx_HAL_Driver/Src/stm32f4xx_hal_can.o
 .debug_frame   0x0000136c      0x508 ./Drivers/STM32F4xx_HAL_Driver/Src/stm32f4xx_hal_cortex.o
 .debug_frame   0x00001874      0x14c ./Drivers/STM32F4xx_HAL_Driver/Src/stm32f4xx_hal_gpio.o
 .debug_frame   0x000019c0      0xc84 ./Drivers/STM32F4xx_HAL_Driver/Src/stm32f4xx_hal_i2c.o
 .debug_frame   0x00002644      0x14c ./Drivers/STM32F4xx_HAL_Driver/Src/stm32f4xx_hal_pwr_ex.o
 .debug_frame   0x00002790      0x1f4 ./Drivers/STM32F4xx_HAL_Driver/Src/stm32f4xx_hal_rcc.o
 .debug_frame   0x00002984      0x1e8 ./Drivers/STM32F4xx_HAL_Driver/Src/stm32f4xx_hal_rcc_ex.o
 .debug_frame   0x00002b6c      0x144 E:/ST/STM32CubeIDE_1.16.1/STM32CubeIDE/plugins/com.st.stm32cube.ide.mcu.externaltools.gnu-tools-for-stm32.12.3.rel1.win32_1.0.200.202406191623/tools/bin/../lib/gcc/arm-none-eabi/12.3.1/../../../../arm-none-eabi/lib/thumb/v7e-m+fp/hard\libc_nano.a(libc_a-findfp.o)
 .debug_frame   0x00002cb0       0x7c E:/ST/STM32CubeIDE_1.16.1/STM32CubeIDE/plugins/com.st.stm32cube.ide.mcu.externaltools.gnu-tools-for-stm32.12.3.rel1.win32_1.0.200.202406191623/tools/bin/../lib/gcc/arm-none-eabi/12.3.1/../../../../arm-none-eabi/lib/thumb/v7e-m+fp/hard\libc_nano.a(libc_a-snprintf.o)
 .debug_frame   0x00002d2c       0x20 E:/ST/STM32CubeIDE_1.16.1/STM32CubeIDE/plugins/com.st.stm32cube.ide.mcu.externaltools.gnu-tools-for-stm32.12.3.rel1.win32_1.0.200.202406191623/tools/bin/../lib/gcc/arm-none-eabi/12.3.1/../../../../arm-none-eabi/lib/thumb/v7e-m+fp/hard\libc_nano.a(libc_a-memset.o)
 .debug_frame   0x00002d4c       0x28 E:/ST/STM32CubeIDE_1.16.1/STM32CubeIDE/plugins/com.st.stm32cube.ide.mcu.externaltools.gnu-tools-for-stm32.12.3.rel1.win32_1.0.200.202406191623/tools/bin/../lib/gcc/arm-none-eabi/12.3.1/../../../../arm-none-eabi/lib/thumb/v7e-m+fp/hard\libc_nano.a(libc_a-strncpy.o)
 .debug_frame   0x00002d74       0x38 E:/ST/STM32CubeIDE_1.16.1/STM32CubeIDE/plugins/com.st.stm32cube.ide.mcu.externaltools.gnu-tools-for-stm32.12.3.rel1.win32_1.0.200.202406191623/tools/bin/../lib/gcc/arm-none-eabi/12.3.1/../../../../arm-none-eabi/lib/thumb/v7e-m+fp/hard\libc_nano.a(libc_a-reent.o)
 .debug_frame   0x00002dac       0x20 E:/ST/STM32CubeIDE_1.16.1/STM32CubeIDE/plugins/com.st.stm32cube.ide.mcu.externaltools.gnu-tools-for-stm32.12.3.rel1.win32_1.0.200.202406191623/tools/bin/../lib/gcc/arm-none-eabi/12.3.1/../../../../arm-none-eabi/lib/thumb/v7e-m+fp/hard\libc_nano.a(libc_a-errno.o)
 .debug_frame   0x00002dcc       0x2c E:/ST/STM32CubeIDE_1.16.1/STM32CubeIDE/plugins/com.st.stm32cube.ide.mcu.externaltools.gnu-tools-for-stm32.12.3.rel1.win32_1.0.200.202406191623/tools/bin/../lib/gcc/arm-none-eabi/12.3.1/../../../../arm-none-eabi/lib/thumb/v7e-m+fp/hard\libc_nano.a(libc_a-init.o)
 .debug_frame   0x00002df8       0xb0 E:/ST/STM32CubeIDE_1.16.1/STM32CubeIDE/plugins/com.st.stm32cube.ide.mcu.externaltools.gnu-tools-for-stm32.12.3.rel1.win32_1.0.200.202406191623/tools/bin/../lib/gcc/arm-none-eabi/12.3.1/../../../../arm-none-eabi/lib/thumb/v7e-m+fp/hard\libc_nano.a(libc_a-lock.o)
 .debug_frame   0x00002ea8       0x20 E:/ST/STM32CubeIDE_1.16.1/STM32CubeIDE/plugins/com.st.stm32cube.ide.mcu.externaltools.gnu-tools-for-stm32.12.3.rel1.win32_1.0.200.202406191623/tools/bin/../lib/gcc/arm-none-eabi/12.3.1/../../../../arm-none-eabi/lib/thumb/v7e-m+fp/hard\libc_nano.a(libc_a-strcpy.o)
 .debug_frame   0x00002ec8       0x28 E:/ST/STM32CubeIDE_1.16.1/STM32CubeIDE/plugins/com.st.stm32cube.ide.mcu.externaltools.gnu-tools-for-stm32.12.3.rel1.win32_1.0.200.202406191623/tools/bin/../lib/gcc/arm-none-eabi/12.3.1/../../../../arm-none-eabi/lib/thumb/v7e-m+fp/hard\libc_nano.a(libc_a-memcpy-stub.o)
 .debug_frame   0x00002ef0       0x38 E:/ST/STM32CubeIDE_1.16.1/STM32CubeIDE/plugins/com.st.stm32cube.ide.mcu.externaltools.gnu-tools-for-stm32.12.3.rel1.win32_1.0.200.202406191623/tools/bin/../lib/gcc/arm-none-eabi/12.3.1/../../../../arm-none-eabi/lib/thumb/v7e-m+fp/hard\libc_nano.a(libc_a-freer.o)
 .debug_frame   0x00002f28       0x50 E:/ST/STM32CubeIDE_1.16.1/STM32CubeIDE/plugins/com.st.stm32cube.ide.mcu.externaltools.gnu-tools-for-stm32.12.3.rel1.win32_1.0.200.202406191623/tools/bin/../lib/gcc/arm-none-eabi/12.3.1/../../../../arm-none-eabi/lib/thumb/v7e-m+fp/hard\libc_nano.a(libc_a-mallocr.o)
 .debug_frame   0x00002f78       0x30 E:/ST/STM32CubeIDE_1.16.1/STM32CubeIDE/plugins/com.st.stm32cube.ide.mcu.externaltools.gnu-tools-for-stm32.12.3.rel1.win32_1.0.200.202406191623/tools/bin/../lib/gcc/arm-none-eabi/12.3.1/../../../../arm-none-eabi/lib/thumb/v7e-m+fp/hard\libc_nano.a(libc_a-mlock.o)
 .debug_frame   0x00002fa8       0x90 E:/ST/STM32CubeIDE_1.16.1/STM32CubeIDE/plugins/com.st.stm32cube.ide.mcu.externaltools.gnu-tools-for-stm32.12.3.rel1.win32_1.0.200.202406191623/tools/bin/../lib/gcc/arm-none-eabi/12.3.1/../../../../arm-none-eabi/lib/thumb/v7e-m+fp/hard\libc_nano.a(libc_a-nano-svfprintf.o)
 .debug_frame   0x00003038       0x60 E:/ST/STM32CubeIDE_1.16.1/STM32CubeIDE/plugins/com.st.stm32cube.ide.mcu.externaltools.gnu-tools-for-stm32.12.3.rel1.win32_1.0.200.202406191623/tools/bin/../lib/gcc/arm-none-eabi/12.3.1/../../../../arm-none-eabi/lib/thumb/v7e-m+fp/hard\libc_nano.a(libc_a-nano-vfprintf_i.o)
 .debug_frame   0x00003098       0x28 E:/ST/STM32CubeIDE_1.16.1/STM32CubeIDE/plugins/com.st.stm32cube.ide.mcu.externaltools.gnu-tools-for-stm32.12.3.rel1.win32_1.0.200.202406191623/tools/bin/../lib/gcc/arm-none-eabi/12.3.1/../../../../arm-none-eabi/lib/thumb/v7e-m+fp/hard\libc_nano.a(libc_a-memmove.o)
 .debug_frame   0x000030c0       0x2c E:/ST/STM32CubeIDE_1.16.1/STM32CubeIDE/plugins/com.st.stm32cube.ide.mcu.externaltools.gnu-tools-for-stm32.12.3.rel1.win32_1.0.200.202406191623/tools/bin/../lib/gcc/arm-none-eabi/12.3.1/../../../../arm-none-eabi/lib/thumb/v7e-m+fp/hard\libc_nano.a(libc_a-sbrkr.o)
 .debug_frame   0x000030ec       0x3c E:/ST/STM32CubeIDE_1.16.1/STM32CubeIDE/plugins/com.st.stm32cube.ide.mcu.externaltools.gnu-tools-for-stm32.12.3.rel1.win32_1.0.200.202406191623/tools/bin/../lib/gcc/arm-none-eabi/12.3.1/../../../../arm-none-eabi/lib/thumb/v7e-m+fp/hard\libc_nano.a(libc_a-reallocr.o)
 .debug_frame   0x00003128       0x20 E:/ST/STM32CubeIDE_1.16.1/STM32CubeIDE/plugins/com.st.stm32cube.ide.mcu.externaltools.gnu-tools-for-stm32.12.3.rel1.win32_1.0.200.202406191623/tools/bin/../lib/gcc/arm-none-eabi/12.3.1/../../../../arm-none-eabi/lib/thumb/v7e-m+fp/hard\libc_nano.a(libc_a-msizer.o)
 .debug_frame   0x00003148       0x2c E:/ST/STM32CubeIDE_1.16.1/STM32CubeIDE/plugins/com.st.stm32cube.ide.mcu.externaltools.gnu-tools-for-stm32.12.3.rel1.win32_1.0.200.202406191623/tools/bin/../lib/gcc/arm-none-eabi/12.3.1/thumb/v7e-m+fp/hard\libgcc.a(_aeabi_uldivmod.o)
 .debug_frame   0x00003174       0x34 E:/ST/STM32CubeIDE_1.16.1/STM32CubeIDE/plugins/com.st.stm32cube.ide.mcu.externaltools.gnu-tools-for-stm32.12.3.rel1.win32_1.0.200.202406191623/tools/bin/../lib/gcc/arm-none-eabi/12.3.1/thumb/v7e-m+fp/hard\libgcc.a(_udivmoddi4.o)

.debug_line_str
                0x00000000       0x56
 .debug_line_str
                0x00000000       0x56 ./Core/Startup/startup_stm32f446retx.o
